Component: ARM Compiler 5.05 update 1 (build 106) Tool: armlink [4d0efa]

==============================================================================

Section Cross References

    startup_stm32f103xe.o(STACK) refers (Special) to heapauxi.o(.text) for __use_two_region_memory
    startup_stm32f103xe.o(HEAP) refers (Special) to heapauxi.o(.text) for __use_two_region_memory
    startup_stm32f103xe.o(RESET) refers (Special) to heapauxi.o(.text) for __use_two_region_memory
    startup_stm32f103xe.o(RESET) refers to startup_stm32f103xe.o(STACK) for __initial_sp
    startup_stm32f103xe.o(RESET) refers to startup_stm32f103xe.o(.text) for Reset_Handler
    startup_stm32f103xe.o(RESET) refers to stm32f1xx_it.o(i.NMI_Handler) for NMI_Handler
    startup_stm32f103xe.o(RESET) refers to stm32f1xx_it.o(i.HardFault_Handler) for HardFault_Handler
    startup_stm32f103xe.o(RESET) refers to stm32f1xx_it.o(i.MemManage_Handler) for MemManage_Handler
    startup_stm32f103xe.o(RESET) refers to stm32f1xx_it.o(i.BusFault_Handler) for BusFault_Handler
    startup_stm32f103xe.o(RESET) refers to stm32f1xx_it.o(i.UsageFault_Handler) for UsageFault_Handler
    startup_stm32f103xe.o(RESET) refers to stm32f1xx_it.o(i.SVC_Handler) for SVC_Handler
    startup_stm32f103xe.o(RESET) refers to stm32f1xx_it.o(i.DebugMon_Handler) for DebugMon_Handler
    startup_stm32f103xe.o(RESET) refers to stm32f1xx_it.o(i.PendSV_Handler) for PendSV_Handler
    startup_stm32f103xe.o(RESET) refers to stm32f1xx_it.o(i.SysTick_Handler) for SysTick_Handler
    startup_stm32f103xe.o(RESET) refers to stm32f1xx_it.o(i.EXTI0_IRQHandler) for EXTI0_IRQHandler
    startup_stm32f103xe.o(RESET) refers to stm32f1xx_it.o(i.EXTI3_IRQHandler) for EXTI3_IRQHandler
    startup_stm32f103xe.o(RESET) refers to stm32f1xx_it.o(i.EXTI4_IRQHandler) for EXTI4_IRQHandler
    startup_stm32f103xe.o(RESET) refers to stm32f1xx_it.o(i.TIM3_IRQHandler) for TIM3_IRQHandler
    startup_stm32f103xe.o(RESET) refers to stm32f1xx_it.o(i.USART2_IRQHandler) for USART2_IRQHandler
    startup_stm32f103xe.o(.text) refers (Special) to heapauxi.o(.text) for __use_two_region_memory
    startup_stm32f103xe.o(.text) refers to system_stm32f1xx.o(i.SystemInit) for SystemInit
    startup_stm32f103xe.o(.text) refers to __main.o(!!!main) for __main
    startup_stm32f103xe.o(.text) refers to startup_stm32f103xe.o(HEAP) for Heap_Mem
    startup_stm32f103xe.o(.text) refers to startup_stm32f103xe.o(STACK) for Stack_Mem
    delay_us.o(i.DELAY_Us) refers to stm32f1xx_hal_rcc.o(i.HAL_RCC_GetHCLKFreq) for HAL_RCC_GetHCLKFreq
    ds18b20.o(i.DS18B20_GetTemp_MatchRom) refers to ds18b20.o(i.DS18B20_MatchRom) for DS18B20_MatchRom
    ds18b20.o(i.DS18B20_GetTemp_MatchRom) refers to ds18b20.o(i.DS18B20_WriteByte) for DS18B20_WriteByte
    ds18b20.o(i.DS18B20_GetTemp_MatchRom) refers to stm32f1xx_hal.o(i.HAL_Delay) for HAL_Delay
    ds18b20.o(i.DS18B20_GetTemp_MatchRom) refers to ds18b20.o(i.DS18B20_ReadByte) for DS18B20_ReadByte
    ds18b20.o(i.DS18B20_GetTemp_MatchRom) refers to fflt_clz.o(x$fpl$fflt) for __aeabi_i2f
    ds18b20.o(i.DS18B20_GetTemp_MatchRom) refers to scalbnf.o(x$fpl$scalbnf) for __ARM_scalbnf
    ds18b20.o(i.DS18B20_GetTemp_SkipRom) refers to ds18b20.o(i.DS18B20_SkipRom) for DS18B20_SkipRom
    ds18b20.o(i.DS18B20_GetTemp_SkipRom) refers to ds18b20.o(i.DS18B20_WriteByte) for DS18B20_WriteByte
    ds18b20.o(i.DS18B20_GetTemp_SkipRom) refers to stm32f1xx_hal.o(i.HAL_Delay) for HAL_Delay
    ds18b20.o(i.DS18B20_GetTemp_SkipRom) refers to ds18b20.o(i.DS18B20_ReadByte) for DS18B20_ReadByte
    ds18b20.o(i.DS18B20_GetTemp_SkipRom) refers to fflt_clz.o(x$fpl$fflt) for __aeabi_i2f
    ds18b20.o(i.DS18B20_GetTemp_SkipRom) refers to scalbnf.o(x$fpl$scalbnf) for __ARM_scalbnf
    ds18b20.o(i.DS18B20_Init) refers to ds18b20.o(i.DS18B20_Mode_OUT_PP) for DS18B20_Mode_OUT_PP
    ds18b20.o(i.DS18B20_Init) refers to stm32f1xx_hal_gpio.o(i.HAL_GPIO_WritePin) for HAL_GPIO_WritePin
    ds18b20.o(i.DS18B20_Init) refers to ds18b20.o(i.DS18B20_Reset) for DS18B20_Reset
    ds18b20.o(i.DS18B20_Init) refers to ds18b20.o(i.DS18B20_Presence) for DS18B20_Presence
    ds18b20.o(i.DS18B20_MatchRom) refers to ds18b20.o(i.DS18B20_Reset) for DS18B20_Reset
    ds18b20.o(i.DS18B20_MatchRom) refers to ds18b20.o(i.DS18B20_Presence) for DS18B20_Presence
    ds18b20.o(i.DS18B20_MatchRom) refers to ds18b20.o(i.DS18B20_WriteByte) for DS18B20_WriteByte
    ds18b20.o(i.DS18B20_Mode_IN_NP) refers to stm32f1xx_hal_gpio.o(i.HAL_GPIO_Init) for HAL_GPIO_Init
    ds18b20.o(i.DS18B20_Mode_OUT_PP) refers to stm32f1xx_hal_gpio.o(i.HAL_GPIO_Init) for HAL_GPIO_Init
    ds18b20.o(i.DS18B20_Presence) refers to ds18b20.o(i.DS18B20_Mode_IN_NP) for DS18B20_Mode_IN_NP
    ds18b20.o(i.DS18B20_Presence) refers to ds18b20.o(i.delay_us) for delay_us
    ds18b20.o(i.DS18B20_Presence) refers to stm32f1xx_hal_gpio.o(i.HAL_GPIO_ReadPin) for HAL_GPIO_ReadPin
    ds18b20.o(i.DS18B20_ReadByte) refers to ds18b20.o(i.DS18B20_Mode_OUT_PP) for DS18B20_Mode_OUT_PP
[...]
    x$fpl$deqf                               0x080056dc   Section      120  deqf.o(x$fpl$deqf)
    x$fpl$dfix                               0x08005754   Section       94  dfix.o(x$fpl$dfix)
    x$fpl$dleqf                              0x080057b4   Section      120  dleqf.o(x$fpl$dleqf)
    x$fpl$dmul                               0x0800582c   Section      340  dmul.o(x$fpl$dmul)
    x$fpl$dnaninf                            0x08005980   Section      156  dnaninf.o(x$fpl$dnaninf)
    x$fpl$dretinf                            0x08005a1c   Section       12  dretinf.o(x$fpl$dretinf)
    x$fpl$drleqf                             0x08005a28   Section      108  drleqf.o(x$fpl$drleqf)
    x$fpl$f2d                                0x08005a94   Section       86  f2d.o(x$fpl$f2d)
    x$fpl$fadd                               0x08005aec   Section      196  faddsub_clz.o(x$fpl$fadd)
    _fadd1                                   0x08005afb   Thumb Code     0  faddsub_clz.o(x$fpl$fadd)
    x$fpl$fcheck1                            0x08005bb0   Section       12  fcheck1.o(x$fpl$fcheck1)
    x$fpl$fcmpinf                            0x08005bbc   Section       24  fcmpi.o(x$fpl$fcmpinf)
    x$fpl$ffix                               0x08005bd4   Section       54  ffix.o(x$fpl$ffix)
    x$fpl$fflt                               0x08005c0c   Section       48  fflt_clz.o(x$fpl$fflt)
    x$fpl$fleqf                              0x08005c3c   Section      104  fleqf.o(x$fpl$fleqf)
    x$fpl$fnaninf                            0x08005ca4   Section      140  fnaninf.o(x$fpl$fnaninf)
    x$fpl$fretinf                            0x08005d30   Section       10  fretinf.o(x$fpl$fretinf)
    x$fpl$frleqf                             0x08005d3a   Section       98  frleqf.o(x$fpl$frleqf)
    x$fpl$frsb                               0x08005d9c   Section       20  faddsub_clz.o(x$fpl$frsb)
    x$fpl$fsub                               0x08005db0   Section      234  faddsub_clz.o(x$fpl$fsub)
    _fsub1                                   0x08005dbf   Thumb Code     0  faddsub_clz.o(x$fpl$fsub)
    x$fpl$printf1                            0x08005e9a   Section        4  printf1.o(x$fpl$printf1)
    x$fpl$retnan                             0x08005e9e   Section      100  retnan.o(x$fpl$retnan)
    x$fpl$scalbn                             0x08005f02   Section       92  scalbn.o(x$fpl$scalbn)
    x$fpl$scalbnf                            0x08005f5e   Section       76  scalbnf.o(x$fpl$scalbnf)
    x$fpl$scanf1                             0x08005faa   Section        4  scanf1.o(x$fpl$scanf1)
    x$fpl$scanf2                             0x08005fae   Section        8  scanf2.o(x$fpl$scanf2)
    x$fpl$trapveneer                         0x08005fb6   Section       48  trapv.o(x$fpl$trapveneer)
    x$fpl$usenofp                            0x08005fe6   Section        0  usenofp.o(x$fpl$usenofp)
    .constdata                               0x08005fe8   Section       16  hal_iic.o(.constdata)
    .constdata                               0x08005ff8   Section     3568  oled.o(.constdata)
    .constdata                               0x08006de8   Section       18  stm32f1xx_hal_rcc.o(.constdata)
    aPredivFactorTable                       0x08006de8   Data           2  stm32f1xx_hal_rcc.o(.constdata)
    aPLLMULFactorTable                       0x08006dea   Data          16  stm32f1xx_hal_rcc.o(.constdata)
    .constdata                               0x08006dfa   Section       16  system_stm32f1xx.o(.constdata)
    .constdata                               0x08006e0a   Section        8  system_stm32f1xx.o(.constdata)
    .constdata                               0x08006e12   Section       17  __printf_flags_ss_wp.o(.constdata)
    maptable                                 0x08006e12   Data          17  __printf_flags_ss_wp.o(.constdata)
    .constdata                               0x08006e24   Section      148  bigflt0.o(.constdata)
    tenpwrs_x                                0x08006e24   Data          60  bigflt0.o(.constdata)
    tenpwrs_i                                0x08006e60   Data          64  bigflt0.o(.constdata)
    c$$dinf                                  0x08006ed8   Section        8  fpconst.o(c$$dinf)
    locale$$data                             0x08006ee0   Section       28  lc_numeric_c.o(locale$$data)
    __lcnum_c_name                           0x08006ee4   Data           2  lc_numeric_c.o(locale$$data)
    __lcnum_c_start                          0x08006eec   Data           0  lc_numeric_c.o(locale$$data)
    __lcnum_c_point                          0x08006ef8   Data           0  lc_numeric_c.o(locale$$data)
    __lcnum_c_thousands                      0x08006efa   Data           0  lc_numeric_c.o(locale$$data)
    __lcnum_c_grouping                       0x08006efb   Data           0  lc_numeric_c.o(locale$$data)
    locale$$data                             0x08006efc   Section      272  lc_ctype_c.o(locale$$data)
    __lcnum_c_end                            0x08006efc   Data           0  lc_numeric_c.o(locale$$data)
    __lcctype_c_name                         0x08006f00   Data           2  lc_ctype_c.o(locale$$data)
    __lcctype_c_start                        0x08006f08   Data           0  lc_ctype_c.o(locale$$data)
    __lcctype_c_end                          0x0800700c   Data           0  lc_ctype_c.o(locale$$data)
    .data                                    0x20000000   Section       22  ds1302.o(.data)
    .data                                    0x20000018   Section       49  main.o(.data)
    last_day                                 0x2000001b   Data           1  main.o(.data)
    .data                                    0x2000004c   Section       12  stm32f1xx_hal.o(.data)
    .data                                    0x20000058   Section        4  system_stm32f1xx.o(.data)
    .bss                                     0x2000005c   Section       10  ds1302.o(.bss)
    .bss                                     0x20000068   Section      340  main.o(.bss)
    .bss                                     0x200001bc   Section      144  tim.o(.bss)
    .bss                                     0x2000024c   Section       72  usart.o(.bss)
    .bss                                     0x20000294   Section       96  libspace.o(.bss)
    HEAP                                     0x200002f8   Section      512  startup_stm32f103xe.o(HEAP)
    Heap_Mem                                 0x200002f8   Data         512  startup_stm32f103xe.o(HEAP)
    STACK                                    0x200004f8   Section     1024  startup_stm32f103xe.o(STACK)
    Stack_Mem                                0x200004f8   Data        1024  startup_stm32f103xe.o(STACK)
    __initial_sp                             0x200008f8   Data           0  startup_stm32f103xe.o(STACK)

    Global Symbols

    Symbol Name                              Value     Ov Type        Size  Object(Section)

    BuildAttributes$$THM_ISAv4$P$D$K$B$S$PE$A:L22UL41UL21$X:L11$S22US41US21$IEEE1$IW$USESV6$~STKCKD$USESV7$~SHL$OTIME$ROPI$IEEEX$EBA8$UX$STANDARDLIB$REQ8$PRES8$EABIv2 0x00000000   Number         0  anon$$obj.o ABSOLUTE
    __ARM_use_no_argv                        0x00000000   Number         0  main.o ABSOLUTE
    _printf_flags                            0x00000000   Number         0  printf_stubs.o ABSOLUTE
    _printf_return_value                     0x00000000   Number         0  printf_stubs.o ABSOLUTE
    _printf_sizespec                         0x00000000   Number         0  printf_stubs.o ABSOLUTE
    _printf_widthprec                        0x00000000   Number         0  printf_stubs.o ABSOLUTE
    __ARM_exceptions_init                     - Undefined Weak Reference
    __alloca_initialize                       - Undefined Weak Reference
    __arm_preinit_                            - Undefined Weak Reference
    __cpp_initialize__aeabi_                  - Undefined Weak Reference
    __cxa_finalize                            - Undefined Weak Reference
    __sigvec_lookup                           - Undefined Weak Reference
    _atexit_init                              - Undefined Weak Reference
    _call_atexit_fns                          - Undefined Weak Reference
    _clock_init                               - Undefined Weak Reference
    _fp_trap_init                             - Undefined Weak Reference
    _fp_trap_shutdown                         - Undefined Weak Reference
    _get_lc_collate                           - Undefined Weak Reference
    _get_lc_monetary                          - Undefined Weak Reference
    _get_lc_time                              - Undefined Weak Reference
    _getenv_init                              - Undefined Weak Reference
    _handle_redirection                       - Undefined Weak Reference
    _init_alloc                               - Undefined Weak Reference
    _init_user_alloc                          - Undefined Weak Reference
    _initio                                   - Undefined Weak Reference
    _printf_mbtowc                            - Undefined Weak Reference
    _rand_init                                - Undefined Weak Reference
    _scanf_longlong                           - Undefined Weak Reference
    _scanf_mbtowc                             - Undefined Weak Reference
    _scanf_string                             - Undefined Weak Reference
    _scanf_wctomb                             - Undefined Weak Reference
    _scanf_wstring                            - Undefined Weak Reference
    _signal_finish                            - Undefined Weak Reference
    _signal_init                              - Undefined Weak Reference
    _terminate_alloc                          - Undefined Weak Reference
    _terminate_user_alloc                     - Undefined Weak Reference
    _terminateio                              - Undefined Weak Reference
    __Vectors_Size                           0x00000130   Number         0  startup_stm32f103xe.o ABSOLUTE
    __Vectors                                0x08000000   Data           4  startup_stm32f103xe.o(RESET)
    __Vectors_End                            0x08000130   Data           0  startup_stm32f103xe.o(RESET)
    __main                                   0x08000131   Thumb Code     8  __main.o(!!!main)
    __scatterload                            0x08000139   Thumb Code     0  __scatter.o(!!!scatter)
    __scatterload_rt2                        0x08000139   Thumb Code    44  __scatter.o(!!!scatter)
    __scatterload_rt2_thumb_only             0x08000139   Thumb Code     0  __scatter.o(!!!scatter)
    __scatterload_null                       0x08000147   Thumb Code     0  __scatter.o(!!!scatter)
    __scatterload_copy                       0x0800016d   Thumb Code    26  __scatter_copy.o(!!handler_copy)
    __scatterload_zeroinit                   0x08000189   Thumb Code    28  __scatter_zi.o(!!handler_zi)
    _printf_f                                0x080001a5   Thumb Code     0  _printf_f.o(.ARM.Collect$$_printf_percent$$00000003)
    _printf_percent                          0x080001a5   Thumb Code     0  _printf_percent.o(.ARM.Collect$$_printf_percent$$00000000)
    _printf_d                                0x080001ab   Thumb Code     0  _printf_d.o(.ARM.Collect$$_printf_percent$$00000009)
    _printf_u                                0x080001b1   Thumb Code     0  _printf_u.o(.ARM.Collect$$_printf_percent$$0000000A)
    _printf_s                                0x080001b7   Thumb Code     0  _printf_s.o(.ARM.Collect$$_printf_percent$$00000014)
    _printf_percent_end                      0x080001bd   Thumb Code     0  _printf_percent_end.o(.ARM.Collect$$_printf_percent$$00000017)
    __rt_lib_init                            0x080001c1   Thumb Code     0  libinit.o(.ARM.Collect$$libinit$$00000000)
    __rt_lib_init_fp_1                       0x080001c3   Thumb Code     0  libinit2.o(.ARM.Collect$$libinit$$00000002)
    __rt_lib_init_heap_1                     0x080001c3   Thumb Code     0  libinit2.o(.ARM.Collect$$libinit$$0000000A)
    __rt_lib_init_lc_common                  0x080001c3   Thumb Code     0  libinit2.o(.ARM.Collect$$libinit$$0000000F)
    __rt_lib_init_preinit_1                  0x080001c3   Thumb Code     0  libinit2.o(.ARM.Collect$$libinit$$00000004)
    __rt_lib_init_rand_1                     0x080001c3   Thumb Code     0  libinit2.o(.ARM.Collect$$libinit$$0000000E)
    __rt_lib_init_user_alloc_1               0x080001c3   Thumb Code     0  libinit2.o(.ARM.Collect$$libinit$$0000000C)
    __rt_lib_init_lc_collate_1               0x080001c9   Thumb Code     0  libinit2.o(.ARM.Collect$$libinit$$00000011)
    __rt_lib_init_lc_ctype_2                 0x080001c9   Thumb Code     0  libinit2.o(.ARM.Collect$$libinit$$00000012)
    __rt_lib_init_lc_ctype_1                 0x080001d5   Thumb Code     0  libinit2.o(.ARM.Collect$$libinit$$00000013)
    __rt_lib_init_lc_monetary_1              0x080001d5   Thumb Code     0  libinit2.o(.ARM.Collect$$libinit$$00000015)
    __rt_lib_init_lc_numeric_2               0x080001d5   Thumb Code     0  libinit2.o(.ARM.Collect$$libinit$$00000016)
    __rt_lib_init_alloca_1                   0x080001df   Thumb Code     0  libinit2.o(.ARM.Collect$$libinit$$0000002E)
    __rt_lib_init_argv_1                     0x080001df   Thumb Code     0  libinit2.o(.ARM.Collect$$libinit$$0000002C)
    __rt_lib_init_atexit_1                   0x080001df   Thumb Code     0  libinit2.o(.ARM.Collect$$libinit$$0000001B)
    __rt_lib_init_clock_1                    0x080001df   Thumb Code     0  libinit2.o(.ARM.Collect$$libinit$$00000021)
    __rt_lib_init_cpp_1                      0x080001df   Thumb Code     0  libinit2.o(.ARM.Collect$$libinit$$00000032)
    __rt_lib_init_exceptions_1               0x080001df   Thumb Code     0  libinit2.o(.ARM.Collect$$libinit$$00000030)
    __rt_lib_init_fp_trap_1                  0x080001df   Thumb Code     0  libinit2.o(.ARM.Collect$$libinit$$0000001F)
    __rt_lib_init_getenv_1                   0x080001df   Thumb Code     0  libinit2.o(.ARM.Collect$$libinit$$00000023)
    __rt_lib_init_lc_numeric_1               0x080001df   Thumb Code     0  libinit2.o(.ARM.Collect$$libinit$$00000017)
    __rt_lib_init_lc_time_1                  0x080001df   Thumb Code     0  libinit2.o(.ARM.Collect$$libinit$$00000019)
    __rt_lib_init_return                     0x080001df   Thumb Code     0  libinit2.o(.ARM.Collect$$libinit$$00000033)
    __rt_lib_init_signal_1                   0x080001df   Thumb Code     0  libinit2.o(.ARM.Collect$$libinit$$0000001D)
    __rt_lib_init_stdio_1                    0x080001df   Thumb Code     0  libinit2.o(.ARM.Collect$$libinit$$00000025)
    __rt_lib_shutdown                        0x080001e1   Thumb Code     0  libshutdown.o(.ARM.Collect$$libshutdown$$00000000)
    __rt_lib_shutdown_fp_trap_1              0x080001e3   Thumb Code     0  libshutdown2.o(.ARM.Collect$$libshutdown$$00000006)
    __rt_lib_shutdown_heap_1                 0x080001e3   Thumb Code     0  libshutdown2.o(.ARM.Collect$$libshutdown$$0000000E)
    __rt_lib_shutdown_return                 0x080001e3   Thumb Code     0  libshutdown2.o(.ARM.Collect$$libshutdown$$0000000F)
    __rt_lib_shutdown_signal_1               0x080001e3   Thumb Code     0  libshutdown2.o(.ARM.Collect$$libshutdown$$00000009)
    __rt_lib_shutdown_stdio_1                0x080001e3   Thumb Code     0  libshutdown2.o(.ARM.Collect$$libshutdown$$00000003)
    __rt_lib_shutdown_user_alloc_1           0x080001e3   Thumb Code     0  libshutdown2.o(.ARM.Collect$$libshutdown$$0000000B)
    __rt_entry                               0x080001e5   Thumb Code     0  __rtentry.o(.ARM.Collect$$rtentry$$00000000)
    __rt_entry_presh_1                       0x080001e5   Thumb Code     0  __rtentry2.o(.ARM.Collect$$rtentry$$00000002)
    __rt_entry_sh                            0x080001e5   Thumb Code     0  __rtentry4.o(.ARM.Collect$$rtentry$$00000004)
    __rt_entry_li                            0x080001eb   Thumb Code     0  __rtentry2.o(.ARM.Collect$$rtentry$$0000000A)
    __rt_entry_postsh_1                      0x080001eb   Thumb Code     0  __rtentry2.o(.ARM.Collect$$rtentry$$00000009)
    __rt_entry_main                          0x080001ef   Thumb Code     0  __rtentry2.o(.ARM.Collect$$rtentry$$0000000D)
    __rt_entry_postli_1                      0x080001ef   Thumb Code     0  __rtentry2.o(.ARM.Collect$$rtentry$$0000000C)
    __rt_exit                                0x080001f7   Thumb Code     0  rtexit.o(.ARM.Collect$$rtexit$$00000000)
    __rt_exit_ls                             0x080001f9   Thumb Code     0  rtexit2.o(.ARM.Collect$$rtexit$$00000003)
    __rt_exit_prels_1                        0x080001f9   Thumb Code     0  rtexit2.o(.ARM.Collect$$rtexit$$00000002)
    __rt_exit_exit                           0x080001fd   Thumb Code     0  rtexit2.o(.ARM.Collect$$rtexit$$00000004)
    Reset_Handler                            0x08000205   Thumb Code     8  startup_stm32f103xe.o(.text)
    ADC1_2_IRQHandler                        0x0800021f   Thumb Code     0  startup_stm32f103xe.o(.text)
    ADC3_IRQHandler                          0x0800021f   Thumb Code     0  startup_stm32f103xe.o(.text)
    CAN1_RX1_IRQHandler                      0x0800021f   Thumb Code     0  startup_stm32f103xe.o(.text)
    CAN1_SCE_IRQHandler                      0x0800021f   Thumb Code     0  startup_stm32f103xe.o(.text)
    DMA1_Channel1_IRQHandler                 0x0800021f   Thumb Code     0  startup_stm32f103xe.o(.text)
    DMA1_Channel2_IRQHandler                 0x0800021f   Thumb Code     0  startup_stm32f103xe.o(.text)
    DMA1_Channel3_IRQHandler                 0x0800021f   Thumb Code     0  startup_stm32f103xe.o(.text)
    DMA1_Channel4_IRQHandler                 0x0800021f   Thumb Code     0  startup_stm32f103xe.o(.text)
    DMA1_Channel5_IRQHandler                 0x0800021f   Thumb Code     0  startup_stm32f103xe.o(.text)
    DMA1_Channel6_IRQHandler                 0x0800021f   Thumb Code     0  startup_stm32f103xe.o(.text)
    DMA1_Channel7_IRQHandler                 0x0800021f   Thumb Code     0  startup_stm32f103xe.o(.text)
    DMA2_Channel1_IRQHandler                 0x0800021f   Thumb Code     0  startup_stm32f103xe.o(.text)
    DMA2_Channel2_IRQHandler                 0x0800021f   Thumb Code     0  startup_stm32f103xe.o(.text)
    DMA2_Channel3_IRQHandler                 0x0800021f   Thumb Code     0  startup_stm32f103xe.o(.text)
    DMA2_Channel4_5_IRQHandler               0x0800021f   Thumb Code     0  startup_stm32f103xe.o(.text)
    EXTI15_10_IRQHandler                     0x0800021f   Thumb Code     0  startup_stm32f103xe.o(.text)
    EXTI1_IRQHandler                         0x0800021f   Thumb Code     0  startup_stm32f103xe.o(.text)
    EXTI2_IRQHandler                         0x0800021f   Thumb Code     0  startup_stm32f103xe.o(.text)
    EXTI9_5_IRQHandler                       0x0800021f   Thumb Code     0  startup_stm32f103xe.o(.text)
    FLASH_IRQHandler                         0x0800021f   Thumb Code     0  startup_stm32f103xe.o(.text)
    FSMC_IRQHandler                          0x0800021f   Thumb Code     0  startup_stm32f103xe.o(.text)
    I2C1_ER_IRQHandler                       0x0800021f   Thumb Code     0  startup_stm32f103xe.o(.text)
    I2C1_EV_IRQHandler                       0x0800021f   Thumb Code     0  startup_stm32f103xe.o(.text)
    I2C2_ER_IRQHandler                       0x0800021f   Thumb Code     0  startup_stm32f103xe.o(.text)
    I2C2_EV_IRQHandler                       0x0800021f   Thumb Code     0  startup_stm32f103xe.o(.text)
    PVD_IRQHandler                           0x0800021f   Thumb Code     0  startup_stm32f103xe.o(.text)
    RCC_IRQHandler                           0x0800021f   Thumb Code     0  startup_stm32f103xe.o(.text)
    RTC_Alarm_IRQHandler                     0x0800021f   Thumb Code     0  startup_stm32f103xe.o(.text)
    RTC_IRQHandler                           0x0800021f   Thumb Code     0  startup_stm32f103xe.o(.text)
    SDIO_IRQHandler                          0x0800021f   Thumb Code     0  startup_stm32f103xe.o(.text)
    SPI1_IRQHandler                          0x0800021f   Thumb Code     0  startup_stm32f103xe.o(.text)
    SPI2_IRQHandler                          0x0800021f   Thumb Code     0  startup_stm32f103xe.o(.text)
    SPI3_IRQHandler                          0x0800021f   Thumb Code     0  startup_stm32f103xe.o(.text)
    TAMPER_IRQHandler                        0x0800021f   Thumb Code     0  startup_stm32f103xe.o(.text)
    TIM1_BRK_IRQHandler                      0x0800021f   Thumb Code     0  startup_stm32f103xe.o(.text)
    TIM1_CC_IRQHandler                       0x0800021f   Thumb Code     0  startup_stm32f103xe.o(.text)
    TIM1_TRG_COM_IRQHandler                  0x0800021f   Thumb Code     0  startup_stm32f103xe.o(.text)
    TIM1_UP_IRQHandler                       0x0800021f   Thumb Code     0  startup_stm32f103xe.o(.text)
    TIM2_IRQHandler                          0x0800021f   Thumb Code     0  startup_stm32f103xe.o(.text)
    TIM4_IRQHandler                          0x0800021f   Thumb Code     0  startup_stm32f103xe.o(.text)
    TIM5_IRQHandler                          0x0800021f   Thumb Code     0  startup_stm32f103xe.o(.text)
    TIM6_IRQHandler                          0x0800021f   Thumb Code     0  startup_stm32f103xe.o(.text)
    TIM7_IRQHandler                          0x0800021f   Thumb Code     0  startup_stm32f103xe.o(.text)
    TIM8_BRK_IRQHandler                      0x0800021f   Thumb Code     0  startup_stm32f103xe.o(.text)
    TIM8_CC_IRQHandler                       0x0800021f   Thumb Code     0  startup_stm32f103xe.o(.text)
    TIM8_TRG_COM_IRQHandler                  0x0800021f   Thumb Code     0  startup_stm32f103xe.o(.text)
    TIM8_UP_IRQHandler                       0x0800021f   Thumb Code     0  startup_stm32f103xe.o(.text)
    UART4_IRQHandler                         0x0800021f   Thumb Code     0  startup_stm32f103xe.o(.text)
    UART5_IRQHandler                         0x0800021f   Thumb Code     0  startup_stm32f103xe.o(.text)
    USART1_IRQHandler                        0x0800021f   Thumb Code     0  startup_stm32f103xe.o(.text)
    USART3_IRQHandler                        0x0800021f   Thumb Code     0  startup_stm32f103xe.o(.text)
    USBWakeUp_IRQHandler                     0x0800021f   Thumb Code     0  startup_stm32f103xe.o(.text)
    USB_HP_CAN1_TX_IRQHandler                0x0800021f   Thumb Code     0  startup_stm32f103xe.o(.text)
    USB_LP_CAN1_RX0_IRQHandler               0x0800021f   Thumb Code     0  startup_stm32f103xe.o(.text)
    WWDG_IRQHandler                          0x0800021f   Thumb Code     0  startup_stm32f103xe.o(.text)
    __user_initial_stackheap                 0x08000221   Thumb Code     0  startup_stm32f103xe.o(.text)
    __2sprintf                               0x08000245   Thumb Code    34  noretval__2sprintf.o(.text)
    _printf_pre_padding                      0x0800026d   Thumb Code    44  _printf_pad.o(.text)
    _printf_post_padding                     0x08000299   Thumb Code    34  _printf_pad.o(.text)
    _printf_truncate_signed                  0x080002bb   Thumb Code    18  _printf_truncate.o(.text)
    _printf_truncate_unsigned                0x080002cd   Thumb Code    18  _printf_truncate.o(.text)
    _printf_str                              0x080002df   Thumb Code    82  _printf_str.o(.text)
    _printf_int_dec                          0x08000331   Thumb Code   104  _printf_dec.o(.text)
    __printf                                 0x080003a9   Thumb Code   388  __printf_flags_ss_wp.o(.text)
    __0sscanf                                0x08000531   Thumb Code    52  __0sscanf.o(.text)
    _scanf_int                               0x0800056d   Thumb Code   332  _scanf_int.o(.text)
    strcpy                                   0x080006b9   Thumb Code    72  strcpy.o(.text)
    strlen                                   0x08000701   Thumb Code    62  strlen.o(.text)
    strncmp                                  0x0800073f   Thumb Code   150  strncmp.o(.text)
    __aeabi_memcpy4                          0x080007d5   Thumb Code     0  rt_memcpy_w.o(.text)
    __aeabi_memcpy8                          0x080007d5   Thumb Code     0  rt_memcpy_w.o(.text)
    __rt_memcpy_w                            0x080007d5   Thumb Code   100  rt_memcpy_w.o(.text)
    _memcpy_lastbytes_aligned                0x0800081d   Thumb Code     0  rt_memcpy_w.o(.text)
    __aeabi_memclr4                          0x08000839   Thumb Code     0  rt_memclr_w.o(.text)
    __aeabi_memclr8                          0x08000839   Thumb Code     0  rt_memclr_w.o(.text)
    __rt_memclr_w                            0x08000839   Thumb Code    78  rt_memclr_w.o(.text)
    _memset_w                                0x0800083d   Thumb Code     0  rt_memclr_w.o(.text)
    __use_two_region_memory                  0x08000887   Thumb Code     2  heapauxi.o(.text)
    __rt_heap_escrow$2region                 0x08000889   Thumb Code     2  heapauxi.o(.text)
    __rt_heap_expand$2region                 0x0800088b   Thumb Code     2  heapauxi.o(.text)
    _printf_int_common                       0x0800088d   Thumb Code   178  _printf_intcommon.o(.text)
    __lib_sel_fp_printf                      0x0800093f   Thumb Code     2  _printf_fp_dec.o(.text)
    _printf_fp_dec_real                      0x08000aed   Thumb Code   620  _printf_fp_dec.o(.text)
    _printf_char_common                      0x08000d63   Thumb Code    32  _printf_char_common.o(.text)
    _sputc                                   0x08000d89   Thumb Code    10  _sputc.o(.text)
    _printf_cs_common                        0x08000d93   Thumb Code    20  _printf_char.o(.text)
    _printf_char                             0x08000da7   Thumb Code    16  _printf_char.o(.text)
    _printf_string                           0x08000db7   Thumb Code     8  _printf_char.o(.text)
    _chval                                   0x08000dbf   Thumb Code    28  _chval.o(.text)
    _scanf_really_real                       0x08000fd9   Thumb Code   668  scanf_fp.o(.text)
    __vfscanf_char                           0x0800128d   Thumb Code    24  scanf_char.o(.text)
    _sgetc                                   0x080012ad   Thumb Code    30  _sgetc.o(.text)
    _sbackspace                              0x080012cb   Thumb Code    34  _sgetc.o(.text)
    __rt_locale                              0x080012ed   Thumb Code     8  rt_locale_intlibspace.o(.text)
    __aeabi_errno_addr                       0x080012f5   Thumb Code     8  rt_errno_addr_intlibspace.o(.text)
    __errno$intlibspace                      0x080012f5   Thumb Code     0  rt_errno_addr_intlibspace.o(.text)
    __rt_errno_addr$intlibspace              0x080012f5   Thumb Code     0  rt_errno_addr_intlibspace.o(.text)
    _ll_udiv10                               0x080012fd   Thumb Code   138  lludiv10.o(.text)
    isspace                                  0x08001387   Thumb Code    18  isspace.o(.text)
    _printf_fp_infnan                        0x08001399   Thumb Code   112  _printf_fp_infnan.o(.text)
    __vfscanf                                0x08001419   Thumb Code   878  _scanf.o(.text)
    _btod_etento                             0x0800178d   Thumb Code   216  bigflt0.o(.text)
    __user_libspace                          0x08001869   Thumb Code     8  libspace.o(.text)
    __user_perproc_libspace                  0x08001869   Thumb Code     0  libspace.o(.text)
    __user_perthread_libspace                0x08001869   Thumb Code     0  libspace.o(.text)
    __user_setup_stackheap                   0x08001871   Thumb Code    74  sys_stackheap_outer.o(.text)
    __rt_ctype_table                         0x080018bd   Thumb Code    16  rt_ctype_table.o(.text)
    __read_errno                             0x080018cd   Thumb Code    10  _rserrno.o(.text)
    __set_errno                              0x080018d7   Thumb Code    12  _rserrno.o(.text)
    _scanf_really_hex_real                   0x080018e5   Thumb Code   778  scanf_hexfp.o(.text)
    _scanf_really_infnan                     0x08001bfd   Thumb Code   292  scanf_infnan.o(.text)
    exit                                     0x08001d31   Thumb Code    12  exit.o(.text)
    strcmp                                   0x08001d3d   Thumb Code   128  strcmpv7m.o(.text)
    __aeabi_llsl                             0x08001dbd   Thumb Code     0  llshl.o(.text)
    _ll_shift_l                              0x08001dbd   Thumb Code    38  llshl.o(.text)
    _sys_exit                                0x08001de5   Thumb Code     8  sys_exit.o(.text)
    __I$use$semihosting                      0x08001df1   Thumb Code     0  use_no_semi.o(.text)
    __use_no_semihosting_swi                 0x08001df1   Thumb Code     2  use_no_semi.o(.text)
    __semihosting_library_function           0x08001df3   Thumb Code     0  indicate_semi.o(.text)
    _btod_d2e                                0x08001df3   Thumb Code    62  btod.o(CL$$btod_d2e)
    _d2e_denorm_low                          0x08001e31   Thumb Code    70  btod.o(CL$$btod_d2e_denorm_low)
    _d2e_norm_op1                            0x08001e77   Thumb Code    96  btod.o(CL$$btod_d2e_norm_op1)
    __btod_div_common                        0x08001ed7   Thumb Code   696  btod.o(CL$$btod_div_common)
    _e2d                                     0x08002211   Thumb Code    80  btod.o(CL$$btod_e2d)
    _e2e                                     0x08002265   Thumb Code   198  btod.o(CL$$btod_e2e)
    _btod_ediv                               0x0800232b   Thumb Code    40  btod.o(CL$$btod_ediv)
    _btod_edivd                              0x08002353   Thumb Code    40  btod.o(CL$$btod_edivd)
    _btod_emul                               0x0800237b   Thumb Code    40  btod.o(CL$$btod_emul)
    _btod_emuld                              0x080023a3   Thumb Code    40  btod.o(CL$$btod_emuld)
    __btod_mult_common                       0x080023cb   Thumb Code   580  btod.o(CL$$btod_mult_common)
    Bluetooth                                0x08002611   Thumb Code   328  main.o(i.Bluetooth)
    BusFault_Handler                         0x080027fd   Thumb Code     2  stm32f1xx_it.o(i.BusFault_Handler)
    DELAY_Us                                 0x08002801   Thumb Code    60  delay_us.o(i.DELAY_Us)
    DS18B20_GetTemp_SkipRom                  0x08002841   Thumb Code    72  ds18b20.o(i.DS18B20_GetTemp_SkipRom)
    DebugMon_Handler                         0x08002a15   Thumb Code     2  stm32f1xx_it.o(i.DebugMon_Handler)
    EXTI0_IRQHandler                         0x08002a17   Thumb Code     6  stm32f1xx_it.o(i.EXTI0_IRQHandler)
    EXTI3_IRQHandler                         0x08002a1d   Thumb Code     6  stm32f1xx_it.o(i.EXTI3_IRQHandler)
    EXTI4_IRQHandler                         0x08002a23   Thumb Code     6  stm32f1xx_it.o(i.EXTI4_IRQHandler)
    Error_Handler                            0x08002a29   Thumb Code     4  main.o(i.Error_Handler)
    HAL_DMA_Abort                            0x08002a2d   Thumb Code    70  stm32f1xx_hal_dma.o(i.HAL_DMA_Abort)
    HAL_DMA_Abort_IT                         0x08002a75   Thumb Code   296  stm32f1xx_hal_dma.o(i.HAL_DMA_Abort_IT)
    HAL_Delay                                0x08002ba5   Thumb Code    32  stm32f1xx_hal.o(i.HAL_Delay)
    HAL_GPIO_EXTI_Callback                   0x08002bc9   Thumb Code    64  main.o(i.HAL_GPIO_EXTI_Callback)
    HAL_GPIO_EXTI_IRQHandler                 0x08002c11   Thumb Code    18  stm32f1xx_hal_gpio.o(i.HAL_GPIO_EXTI_IRQHandler)
    HAL_GPIO_Init                            0x08002c29   Thumb Code   462  stm32f1xx_hal_gpio.o(i.HAL_GPIO_Init)
    HAL_GPIO_ReadPin                         0x08002e21   Thumb Code    10  stm32f1xx_hal_gpio.o(i.HAL_GPIO_ReadPin)
    HAL_GPIO_WritePin                        0x08002e2b   Thumb Code    10  stm32f1xx_hal_gpio.o(i.HAL_GPIO_WritePin)
    HAL_GetTick                              0x08002e35   Thumb Code     6  stm32f1xx_hal.o(i.HAL_GetTick)
    HAL_IncTick                              0x08002e41   Thumb Code    12  stm32f1xx_hal.o(i.HAL_IncTick)
    HAL_Init                                 0x08002e51   Thumb Code    32  stm32f1xx_hal.o(i.HAL_Init)
    HAL_InitTick                             0x08002e75   Thumb Code    54  stm32f1xx_hal.o(i.HAL_InitTick)
    HAL_MspInit                              0x08002eb5   Thumb Code    58  stm32f1xx_hal_msp.o(i.HAL_MspInit)
    HAL_NVIC_EnableIRQ                       0x08002ef9   Thumb Code    26  stm32f1xx_hal_cortex.o(i.HAL_NVIC_EnableIRQ)
    HAL_NVIC_SetPriority                     0x08002f15   Thumb Code    60  stm32f1xx_hal_cortex.o(i.HAL_NVIC_SetPriority)
    HAL_NVIC_SetPriorityGrouping             0x08002f55   Thumb Code    26  stm32f1xx_hal_cortex.o(i.HAL_NVIC_SetPriorityGrouping)
    HAL_RCC_ClockConfig                      0x08002f79   Thumb Code   280  stm32f1xx_hal_rcc.o(i.HAL_RCC_ClockConfig)
    HAL_RCC_GetHCLKFreq                      0x080030a5   Thumb Code     6  stm32f1xx_hal_rcc.o(i.HAL_RCC_GetHCLKFreq)
    HAL_RCC_GetPCLK1Freq                     0x080030b1   Thumb Code    20  stm32f1xx_hal_rcc.o(i.HAL_RCC_GetPCLK1Freq)
    HAL_RCC_GetPCLK2Freq                     0x080030d1   Thumb Code    20  stm32f1xx_hal_rcc.o(i.HAL_RCC_GetPCLK2Freq)
    HAL_RCC_GetSysClockFreq                  0x080030f1   Thumb Code    58  stm32f1xx_hal_rcc.o(i.HAL_RCC_GetSysClockFreq)
    HAL_RCC_OscConfig                        0x0800313d   Thumb Code   778  stm32f1xx_hal_rcc.o(i.HAL_RCC_OscConfig)
    HAL_SYSTICK_Config                       0x0800345d   Thumb Code    40  stm32f1xx_hal_cortex.o(i.HAL_SYSTICK_Config)
    HAL_TIMEx_BreakCallback                  0x08003485   Thumb Code     2  stm32f1xx_hal_tim_ex.o(i.HAL_TIMEx_BreakCallback)
    HAL_TIMEx_CommutCallback                 0x08003487   Thumb Code     2  stm32f1xx_hal_tim_ex.o(i.HAL_TIMEx_CommutCallback)
    HAL_TIMEx_MasterConfigSynchronization    0x08003489   Thumb Code   104  stm32f1xx_hal_tim_ex.o(i.HAL_TIMEx_MasterConfigSynchronization)
    HAL_TIM_Base_Init                        0x08003505   Thumb Code    90  stm32f1xx_hal_tim.o(i.HAL_TIM_Base_Init)
    HAL_TIM_Base_MspInit                     0x08003561   Thumb Code    72  tim.o(i.HAL_TIM_Base_MspInit)
    HAL_TIM_Base_Start                       0x080035b5   Thumb Code    78  stm32f1xx_hal_tim.o(i.HAL_TIM_Base_Start)
    HAL_TIM_Base_Stop                        0x08003619   Thumb Code    38  stm32f1xx_hal_tim.o(i.HAL_TIM_Base_Stop)
    HAL_TIM_ConfigClockSource                0x0800363f   Thumb Code   220  stm32f1xx_hal_tim.o(i.HAL_TIM_ConfigClockSource)
    HAL_TIM_IC_CaptureCallback               0x0800371b   Thumb Code     2  stm32f1xx_hal_tim.o(i.HAL_TIM_IC_CaptureCallback)
    HAL_TIM_IRQHandler                       0x0800371d   Thumb Code   304  stm32f1xx_hal_tim.o(i.HAL_TIM_IRQHandler)
    HAL_TIM_MspPostInit                      0x0800384d   Thumb Code    62  tim.o(i.HAL_TIM_MspPostInit)
    HAL_TIM_OC_DelayElapsedCallback          0x08003899   Thumb Code     2  stm32f1xx_hal_tim.o(i.HAL_TIM_OC_DelayElapsedCallback)
    HAL_TIM_PWM_ConfigChannel                0x0800389b   Thumb Code   204  stm32f1xx_hal_tim.o(i.HAL_TIM_PWM_ConfigChannel)
    HAL_TIM_PWM_Init                         0x08003967   Thumb Code    90  stm32f1xx_hal_tim.o(i.HAL_TIM_PWM_Init)
    HAL_TIM_PWM_MspInit                      0x080039c1   Thumb Code     2  stm32f1xx_hal_tim.o(i.HAL_TIM_PWM_MspInit)
    HAL_TIM_PWM_PulseFinishedCallback        0x080039c3   Thumb Code     2  stm32f1xx_hal_tim.o(i.HAL_TIM_PWM_PulseFinishedCallback)
    HAL_TIM_PWM_Start                        0x080039c5   Thumb Code   160  stm32f1xx_hal_tim.o(i.HAL_TIM_PWM_Start)
    HAL_TIM_PeriodElapsedCallback            0x08003a79   Thumb Code     2  stm32f1xx_hal_tim.o(i.HAL_TIM_PeriodElapsedCallback)
    HAL_TIM_TriggerCallback                  0x08003a7b   Thumb Code     2  stm32f1xx_hal_tim.o(i.HAL_TIM_TriggerCallback)
    HAL_UARTEx_RxEventCallback               0x08003a7d   Thumb Code     2  stm32f1xx_hal_uart.o(i.HAL_UARTEx_RxEventCallback)
    HAL_UART_ErrorCallback                   0x08003a7f   Thumb Code     2  stm32f1xx_hal_uart.o(i.HAL_UART_ErrorCallback)
    HAL_UART_IRQHandler                      0x08003a81   Thumb Code   616  stm32f1xx_hal_uart.o(i.HAL_UART_IRQHandler)
    HAL_UART_Init                            0x08003ced   Thumb Code   100  stm32f1xx_hal_uart.o(i.HAL_UART_Init)
    HAL_UART_MspInit                         0x08003d51   Thumb Code   114  usart.o(i.HAL_UART_MspInit)
    HAL_UART_Receive_IT                      0x08003dd1   Thumb Code    28  stm32f1xx_hal_uart.o(i.HAL_UART_Receive_IT)
    HAL_UART_RxCpltCallback                  0x08003ded   Thumb Code    30  main.o(i.HAL_UART_RxCpltCallback)
    HAL_UART_Transmit                        0x08003e19   Thumb Code   160  stm32f1xx_hal_uart.o(i.HAL_UART_Transmit)
    HAL_UART_TxCpltCallback                  0x08003eb9   Thumb Code     2  stm32f1xx_hal_uart.o(i.HAL_UART_TxCpltCallback)
    HardFault_Handler                        0x08003ebb   Thumb Code     2  stm32f1xx_it.o(i.HardFault_Handler)
    IIC_SendOneByte                          0x08003ebd   Thumb Code   106  hal_iic.o(i.IIC_SendOneByte)
    IIC_Set_SDAMode                          0x08003f2d   Thumb Code    28  hal_iic.o(i.IIC_Set_SDAMode)
    IIC_Start                                0x08003f51   Thumb Code    58  hal_iic.o(i.IIC_Start)
    IIC_Stop                                 0x08003f91   Thumb Code    58  hal_iic.o(i.IIC_Stop)
    IIC_WaitAck                              0x08003fd1   Thumb Code    96  hal_iic.o(i.IIC_WaitAck)
    IsNewDay                                 0x08004035   Thumb Code    28  main.o(i.IsNewDay)
    MX_GPIO_Init                             0x08004059   Thumb Code   296  gpio.o(i.MX_GPIO_Init)
    MX_TIM1_Init                             0x0800419d   Thumb Code    96  tim.o(i.MX_TIM1_Init)
    MX_TIM3_Init                             0x08004205   Thumb Code   146  tim.o(i.MX_TIM3_Init)
    MX_USART2_UART_Init                      0x080042a1   Thumb Code    48  usart.o(i.MX_USART2_UART_Init)
    MemManage_Handler                        0x080042d9   Thumb Code     2  stm32f1xx_it.o(i.MemManage_Handler)
    NMI_Handler                              0x080042db   Thumb Code     2  stm32f1xx_it.o(i.NMI_Handler)
    OLED_Clear_Screen                        0x080042dd   Thumb Code    60  oled.o(i.OLED_Clear_Screen)
    OLED_Display_Char_16X16                  0x08004319   Thumb Code    62  oled.o(i.OLED_Display_Char_16X16)
    OLED_Display_Char_8X16                   0x0800435d   Thumb Code    60  oled.o(i.OLED_Display_Char_8X16)
    OLED_Display_String_8X16                 0x0800439d   Thumb Code    44  oled.o(i.OLED_Display_String_8X16)
    OLED_Init                                0x080043c9   Thumb Code    54  oled.o(i.OLED_Init)
    OLED_Set_Position                        0x08004419   Thumb Code    48  oled.o(i.OLED_Set_Position)
    OLED_Write_Command                       0x08004449   Thumb Code    70  oled.o(i.OLED_Write_Command)
    OLED_Write_Data                          0x0800448f   Thumb Code    70  oled.o(i.OLED_Write_Data)
    PendSV_Handler                           0x080044d5   Thumb Code     2  stm32f1xx_it.o(i.PendSV_Handler)
    SVC_Handler                              0x080044d7   Thumb Code     2  stm32f1xx_it.o(i.SVC_Handler)
    Show_BlueTooth                           0x080044d9   Thumb Code   108  main.o(i.Show_BlueTooth)
    Show_Current                             0x08004561   Thumb Code   114  main.o(i.Show_Current)
    Show_History                             0x080045e5   Thumb Code   142  main.o(i.Show_History)
    Show_Setting                             0x080046b1   Thumb Code   124  main.o(i.Show_Setting)
    SysTick_Handler                          0x08004765   Thumb Code     4  stm32f1xx_it.o(i.SysTick_Handler)
    SystemClock_Config                       0x08004769   Thumb Code    94  main.o(i.SystemClock_Config)
    SystemInit                               0x080047c7   Thumb Code     2  system_stm32f1xx.o(i.SystemInit)
    TIM3_IRQHandler                          0x080047c9   Thumb Code     6  stm32f1xx_it.o(i.TIM3_IRQHandler)
    TIM_Base_SetConfig                       0x080047d5   Thumb Code   134  stm32f1xx_hal_tim.o(i.TIM_Base_SetConfig)
    TIM_CCxChannelCmd                        0x08004871   Thumb Code    26  stm32f1xx_hal_tim.o(i.TIM_CCxChannelCmd)
    TIM_ETR_SetConfig                        0x0800488b   Thumb Code    20  stm32f1xx_hal_tim.o(i.TIM_ETR_SetConfig)
    TIM_OC2_SetConfig                        0x08004911   Thumb Code    98  stm32f1xx_hal_tim.o(i.TIM_OC2_SetConfig)
    UART_Start_Receive_IT                    0x08004c55   Thumb Code    54  stm32f1xx_hal_uart.o(i.UART_Start_Receive_IT)
    USART2_IRQHandler                        0x08004cfd   Thumb Code     6  stm32f1xx_it.o(i.USART2_IRQHandler)
    UpdateData                               0x08004d09   Thumb Code   102  main.o(i.UpdateData)
    UsageFault_Handler                       0x08004d81   Thumb Code     2  stm32f1xx_it.o(i.UsageFault_Handler)
    __ARM_fpclassify                         0x08004d83   Thumb Code    40  fpclassify.o(i.__ARM_fpclassify)
    __mathlib_dbl_overflow                   0x08004dcb   Thumb Code    14  dunder.o(i.__mathlib_dbl_overflow)
    __mathlib_dbl_underflow                  0x08004dd9   Thumb Code    10  dunder.o(i.__mathlib_dbl_underflow)
    __mathlib_narrow                         0x08004de9   Thumb Code    16  narrow.o(i.__mathlib_narrow)
    __mathlib_tofloat                        0x08004df9   Thumb Code   132  narrow.o(i.__mathlib_tofloat)
    __support_ldexp                          0x08004e81   Thumb Code    22  ldexp.o(i.__support_ldexp)
    _is_digit                                0x08004e97   Thumb Code    14  __printf_wp.o(i._is_digit)
    delay_us                                 0x08004ea5   Thumb Code    38  ds18b20.o(i.delay_us)
    ds1302_SDAINPUT_init                     0x08004ed1   Thumb Code    46  ds1302.o(i.ds1302_SDAINPUT_init)
    ds1302_SDAOUT_init                       0x08004f09   Thumb Code    70  ds1302.o(i.ds1302_SDAOUT_init)
    ds1302_init                              0x08004f59   Thumb Code   208  ds1302.o(i.ds1302_init)
    ds1302_read_realTime                     0x08005029   Thumb Code   310  ds1302.o(i.ds1302_read_realTime)
    ds1302_read_rig                          0x08005169   Thumb Code   160  ds1302.o(i.ds1302_read_rig)
    ds1302_read_time                         0x0800520d   Thumb Code    62  ds1302.o(i.ds1302_read_time)
    ds1302_wirte_rig                         0x08005251   Thumb Code    92  ds1302.o(i.ds1302_wirte_rig)
    ds1302_write_onebyte                     0x080052b1   Thumb Code    72  ds1302.o(i.ds1302_write_onebyte)
    frexp                                    0x080052fd   Thumb Code    80  frexp.o(i.frexp)
    is_time_in_range                         0x08005355   Thumb Code   100  main.o(i.is_time_in_range)
    ldexp                                    0x080053c1   Thumb Code   116  ldexp.o(i.ldexp)
    main                                     0x08005435   Thumb Code   212  main.o(i.main)
    temperature_monitor                      0x08005521   Thumb Code   204  main.o(i.temperature_monitor)
    _get_lc_numeric                          0x080055f9   Thumb Code    44  lc_numeric_c.o(locale$$code)
    _get_lc_ctype                            0x08005625   Thumb Code    44  lc_ctype_c.o(locale$$code)
    __aeabi_d2f                              0x08005651   Thumb Code     0  d2f.o(x$fpl$d2f)
    _d2f                                     0x08005651   Thumb Code    98  d2f.o(x$fpl$d2f)
    __fpl_dcheck_NaN1                        0x080056b5   Thumb Code    10  dcheck1.o(x$fpl$dcheck1)
    __fpl_dcmp_Inf                           0x080056c5   Thumb Code    24  dcmpi.o(x$fpl$dcmpinf)
    __aeabi_cdcmpeq                          0x080056dd   Thumb Code     0  deqf.o(x$fpl$deqf)
    _dcmpeq                                  0x080056dd   Thumb Code   120  deqf.o(x$fpl$deqf)
    __aeabi_d2iz                             0x08005755   Thumb Code     0  dfix.o(x$fpl$dfix)
    _dfix                                    0x08005755   Thumb Code    94  dfix.o(x$fpl$dfix)
    __aeabi_cdcmple                          0x080057b5   Thumb Code     0  dleqf.o(x$fpl$dleqf)
    _dcmple                                  0x080057b5   Thumb Code   120  dleqf.o(x$fpl$dleqf)
    __fpl_dcmple_InfNaN                      0x08005817   Thumb Code     0  dleqf.o(x$fpl$dleqf)
    __aeabi_dmul                             0x0800582d   Thumb Code     0  dmul.o(x$fpl$dmul)
    _dmul                                    0x0800582d   Thumb Code   332  dmul.o(x$fpl$dmul)
    __fpl_dnaninf                            0x08005981   Thumb Code   156  dnaninf.o(x$fpl$dnaninf)
    __fpl_dretinf                            0x08005a1d   Thumb Code    12  dretinf.o(x$fpl$dretinf)
    __aeabi_cdrcmple                         0x08005a29   Thumb Code     0  drleqf.o(x$fpl$drleqf)
    _drcmple                                 0x08005a29   Thumb Code   108  drleqf.o(x$fpl$drleqf)
    __aeabi_f2d                              0x08005a95   Thumb Code     0  f2d.o(x$fpl$f2d)
    _f2d                                     0x08005a95   Thumb Code    86  f2d.o(x$fpl$f2d)
    __aeabi_fadd                             0x08005aed   Thumb Code     0  faddsub_clz.o(x$fpl$fadd)
    _fadd                                    0x08005aed   Thumb Code   196  faddsub_clz.o(x$fpl$fadd)
    __fpl_fcheck_NaN1                        0x08005bb1   Thumb Code     6  fcheck1.o(x$fpl$fcheck1)
    __fpl_fcmp_Inf                           0x08005bbd   Thumb Code    24  fcmpi.o(x$fpl$fcmpinf)
    __aeabi_f2iz                             0x08005bd5   Thumb Code     0  ffix.o(x$fpl$ffix)
    _ffix                                    0x08005bd5   Thumb Code    54  ffix.o(x$fpl$ffix)
    __aeabi_i2f                              0x08005c0d   Thumb Code     0  fflt_clz.o(x$fpl$fflt)
    _fflt                                    0x08005c0d   Thumb Code    48  fflt_clz.o(x$fpl$fflt)
    __aeabi_cfcmple                          0x08005c3d   Thumb Code     0  fleqf.o(x$fpl$fleqf)
    _fcmple                                  0x08005c3d   Thumb Code   104  fleqf.o(x$fpl$fleqf)
    __fpl_fcmple_InfNaN                      0x08005c8f   Thumb Code     0  fleqf.o(x$fpl$fleqf)
    __fpl_fnaninf                            0x08005ca5   Thumb Code   140  fnaninf.o(x$fpl$fnaninf)
    __fpl_fretinf                            0x08005d31   Thumb Code    10  fretinf.o(x$fpl$fretinf)
    __aeabi_cfrcmple                         0x08005d3b   Thumb Code     0  frleqf.o(x$fpl$frleqf)
    _frcmple                                 0x08005d3b   Thumb Code    98  frleqf.o(x$fpl$frleqf)
    __aeabi_frsub                            0x08005d9d   Thumb Code     0  faddsub_clz.o(x$fpl$frsb)
    _frsb                                    0x08005d9d   Thumb Code    20  faddsub_clz.o(x$fpl$frsb)
    __aeabi_fsub                             0x08005db1   Thumb Code     0  faddsub_clz.o(x$fpl$fsub)
    _fsub                                    0x08005db1   Thumb Code   234  faddsub_clz.o(x$fpl$fsub)
    _printf_fp_dec                           0x08005e9b   Thumb Code     4  printf1.o(x$fpl$printf1)
    __fpl_return_NaN                         0x08005e9f   Thumb Code   100  retnan.o(x$fpl$retnan)
    __ARM_scalbn                             0x08005f03   Thumb Code    92  scalbn.o(x$fpl$scalbn)
    __ARM_scalbnf                            0x08005f5f   Thumb Code    76  scalbnf.o(x$fpl$scalbnf)
    _scanf_real                              0x08005fab   Thumb Code     4  scanf1.o(x$fpl$scanf1)
    _scanf_hex_real                          0x08005faf   Thumb Code     4  scanf2.o(x$fpl$scanf2)
    _scanf_infnan                            0x08005fb3   Thumb Code     4  scanf2.o(x$fpl$scanf2)
    __fpl_cmpreturn                          0x08005fb7   Thumb Code    48  trapv.o(x$fpl$trapveneer)
    __I$use$fp                               0x08005fe6   Number         0  usenofp.o(x$fpl$usenofp)
    OLEDFONT_ASCII_8X16                      0x08005ff8   Data        1520  oled.o(.constdata)
    OLEDFONT_CHAR_16X16                      0x080065e8   Data        1024  oled.o(.constdata)
    image                                    0x080069e8   Data        1024  oled.o(.constdata)
    AHBPrescTable                            0x08006dfa   Data          16  system_stm32f1xx.o(.constdata)
    APBPrescTable                            0x08006e0a   Data           8  system_stm32f1xx.o(.constdata)
    Region$$Table$$Base                      0x08006eb8   Number         0  anon$$obj.o(Region$$Table)
    Region$$Table$$Limit                     0x08006ed8   Number         0  anon$$obj.o(Region$$Table)
    __aeabi_HUGE_VAL                         0x08006ed8   Data           0  fpconst.o(c$$dinf)
    __aeabi_HUGE_VALL                        0x08006ed8   Data           0  fpconst.o(c$$dinf)
    __aeabi_INFINITY                         0x08006ed8   Data           0  fpconst.o(c$$dinf)
    __dInf                                   0x08006ed8   Data           0  fpconst.o(c$$dinf)
    __huge_val                               0x08006ed8   Data           0  fpconst.o(c$$dinf)
    __ctype                                  0x08006f09   Data           0  lc_ctype_c.o(locale$$data)
    read_time                                0x20000000   Data           7  ds1302.o(.data)
    TimeSDA                                  0x20000007   Data           7  ds1302.o(.data)
    DS1302_data_2                            0x2000000e   Data           8  ds1302.o(.data)
    mode                                     0x20000018   Data           1  main.o(.data)
    rf                                       0x20000019   Data           1  main.o(.data)
    isMonitoring                             0x2000001a   Data           1  main.o(.data)
    PageOffset                               0x2000001c   Data           1  main.o(.data)
    ColOffset                                0x2000001d   Data           1  main.o(.data)
    CharNum                                  0x2000001e   Data           1  main.o(.data)
    refreshing                               0x20000020   Data           4  main.o(.data)
    runningFun                               0x20000024   Data           4  main.o(.data)
    quitAlarming                             0x20000028   Data           4  main.o(.data)
    temperatureThreshold                     0x2000002c   Data           4  main.o(.data)
    temperature                              0x20000030   Data           4  main.o(.data)
    Head                                     0x20000034   Data           4  main.o(.data)
    Point                                    0x20000038   Data           4  main.o(.data)
    blueToothSettings                        0x2000003c   Data           6  main.o(.data)
    start                                    0x20000042   Data           7  main.o(.data)
    uwTickFreq                               0x2000004c   Data           1  stm32f1xx_hal.o(.data)
    uwTickPrio                               0x20000050   Data           4  stm32f1xx_hal.o(.data)
    uwTick                                   0x20000054   Data           4  stm32f1xx_hal.o(.data)
    SystemCoreClock                          0x20000058   Data           4  system_stm32f1xx.o(.data)
    DS1302_data_1                            0x2000005c   Data          10  ds1302.o(.bss)
    todayTemp                                0x20000068   Data          20  main.o(.bss)
    strff                                    0x2000007c   Data          32  main.o(.bss)
    str                                      0x2000009c   Data         256  main.o(.bss)
    btResponse                               0x2000019c   Data          32  main.o(.bss)
    htim1                                    0x200001bc   Data          72  tim.o(.bss)
    htim3                                    0x20000204   Data          72  tim.o(.bss)
    huart2                                   0x2000024c   Data          72  usart.o(.bss)
    __libspace_start                         0x20000294   Data          96  libspace.o(.bss)
    __temporary_stack_top$libspace           0x200002f4   Data           0  libspace.o(.bss)



==============================================================================

Memory Map of the image

  Image Entry point : 0x08000131

  Load Region LR_IROM1 (Base: 0x08000000, Size: 0x00007068, Max: 0x00080000, ABSOLUTE)

    Execution Region ER_IROM1 (Base: 0x08000000, Size: 0x0000700c, Max: 0x00080000, ABSOLUTE)

    Base Addr    Size         Type   Attr      Idx    E Section Name        Object

    0x08000000   0x00000130   Data   RO            3    RESET               startup_stm32f103xe.o
    0x08000130   0x00000008   Code   RO         3280  * !!!main             c_w.l(__main.o)
    0x08000138   0x00000034   Code   RO         3643    !!!scatter          c_w.l(__scatter.o)
    0x0800016c   0x0000001a   Code   RO         3645    !!handler_copy      c_w.l(__scatter_copy.o)
    0x08000186   0x00000002   PAD
    0x08000188   0x0000001c   Code   RO         3647    !!handler_zi        c_w.l(__scatter_zi.o)
    0x080001a4   0x00000000   Code   RO         3263    .ARM.Collect$$_printf_percent$$00000000  c_w.l(_printf_percent.o)
    0x080001a4   0x00000006   Code   RO         3262    .ARM.Collect$$_printf_percent$$00000003  c_w.l(_printf_f.o)
    0x080001aa   0x00000006   Code   RO         3260    .ARM.Collect$$_printf_percent$$00000009  c_w.l(_printf_d.o)
    0x080001b0   0x00000006   Code   RO         3261    .ARM.Collect$$_printf_percent$$0000000A  c_w.l(_printf_u.o)
    0x080001b6   0x00000006   Code   RO         3259    .ARM.Collect$$_printf_percent$$00000014  c_w.l(_printf_s.o)
    0x080001bc   0x00000004   Code   RO         3327    .ARM.Collect$$_printf_percent$$00000017  c_w.l(_printf_percent_end.o)
    0x080001c0   0x00000002   Code   RO         3455    .ARM.Collect$$libinit$$00000000  c_w.l(libinit.o)
    0x080001c2   0x00000000   Code   RO         3457    .ARM.Collect$$libinit$$00000002  c_w.l(libinit2.o)
    0x080001c2   0x00000000   Code   RO         3459    .ARM.Collect$$libinit$$00000004  c_w.l(libinit2.o)
    0x080001c2   0x00000000   Code   RO         3462    .ARM.Collect$$libinit$$0000000A  c_w.l(libinit2.o)
    0x080001c2   0x00000000   Code   RO         3464    .ARM.Collect$$libinit$$0000000C  c_w.l(libinit2.o)
    0x080001c2   0x00000000   Code   RO         3466    .ARM.Collect$$libinit$$0000000E  c_w.l(libinit2.o)
    0x080001c2   0x00000006   Code   RO         3467    .ARM.Collect$$libinit$$0000000F  c_w.l(libinit2.o)
    0x080001c8   0x00000000   Code   RO         3469    .ARM.Collect$$libinit$$00000011  c_w.l(libinit2.o)
    0x080001c8   0x0000000c   Code   RO         3470    .ARM.Collect$$libinit$$00000012  c_w.l(libinit2.o)
    0x080001d4   0x00000000   Code   RO         3471    .ARM.Collect$$libinit$$00000013  c_w.l(libinit2.o)
    0x080001d4   0x00000000   Code   RO         3473    .ARM.Collect$$libinit$$00000015  c_w.l(libinit2.o)
    0x080001d4   0x0000000a   Code   RO         3474    .ARM.Collect$$libinit$$00000016  c_w.l(libinit2.o)
    0x080001de   0x00000000   Code   RO         3475    .ARM.Collect$$libinit$$00000017  c_w.l(libinit2.o)
    0x080001de   0x00000000   Code   RO         3477    .ARM.Collect$$libinit$$00000019  c_w.l(libinit2.o)
    0x080001de   0x00000000   Code   RO         3479    .ARM.Collect$$libinit$$0000001B  c_w.l(libinit2.o)
    0x080001de   0x00000000   Code   RO         3481    .ARM.Collect$$libinit$$0000001D  c_w.l(libinit2.o)
    0x080001de   0x00000000   Code   RO         3483    .ARM.Collect$$libinit$$0000001F  c_w.l(libinit2.o)
    0x080001de   0x00000000   Code   RO         3485    .ARM.Collect$$libinit$$00000021  c_w.l(libinit2.o)
    0x080001de   0x00000000   Code   RO         3487    .ARM.Collect$$libinit$$00000023  c_w.l(libinit2.o)
    0x080001de   0x00000000   Code   RO         3489    .ARM.Collect$$libinit$$00000025  c_w.l(libinit2.o)
    0x080001de   0x00000000   Code   RO         3493    .ARM.Collect$$libinit$$0000002C  c_w.l(libinit2.o)
    0x080001de   0x00000000   Code   RO         3495    .ARM.Collect$$libinit$$0000002E  c_w.l(libinit2.o)
    0x080001de   0x00000000   Code   RO         3497    .ARM.Collect$$libinit$$00000030  c_w.l(libinit2.o)
    0x080001de   0x00000000   Code   RO         3499    .ARM.Collect$$libinit$$00000032  c_w.l(libinit2.o)
    0x080001de   0x00000002   Code   RO         3500    .ARM.Collect$$libinit$$00000033  c_w.l(libinit2.o)
    0x080001e0   0x00000002   Code   RO         3582    .ARM.Collect$$libshutdown$$00000000  c_w.l(libshutdown.o)
    0x080001e2   0x00000000   Code   RO         3604    .ARM.Collect$$libshutdown$$00000003  c_w.l(libshutdown2.o)
    0x080001e2   0x00000000   Code   RO         3607    .ARM.Collect$$libshutdown$$00000006  c_w.l(libshutdown2.o)
    0x080001e2   0x00000000   Code   RO         3610    .ARM.Collect$$libshutdown$$00000009  c_w.l(libshutdown2.o)
    0x080001e2   0x00000000   Code   RO         3612    .ARM.Collect$$libshutdown$$0000000B  c_w.l(libshutdown2.o)
    0x080001e2   0x00000000   Code   RO         3615    .ARM.Collect$$libshutdown$$0000000E  c_w.l(libshutdown2.o)
    0x080001e2   0x00000002   Code   RO         3616    .ARM.Collect$$libshutdown$$0000000F  c_w.l(libshutdown2.o)
    0x080001e4   0x00000000   Code   RO         3316    .ARM.Collect$$rtentry$$00000000  c_w.l(__rtentry.o)
    0x080001e4   0x00000000   Code   RO         3350    .ARM.Collect$$rtentry$$00000002  c_w.l(__rtentry2.o)
    0x080001e4   0x00000006   Code   RO         3362    .ARM.Collect$$rtentry$$00000004  c_w.l(__rtentry4.o)
    0x080001ea   0x00000000   Code   RO         3352    .ARM.Collect$$rtentry$$00000009  c_w.l(__rtentry2.o)
    0x080001ea   0x00000004   Code   RO         3353    .ARM.Collect$$rtentry$$0000000A  c_w.l(__rtentry2.o)
    0x080001ee   0x00000000   Code   RO         3355    .ARM.Collect$$rtentry$$0000000C  c_w.l(__rtentry2.o)
    0x080001ee   0x00000008   Code   RO         3356    .ARM.Collect$$rtentry$$0000000D  c_w.l(__rtentry2.o)
    0x080001f6   0x00000002   Code   RO         3513    .ARM.Collect$$rtexit$$00000000  c_w.l(rtexit.o)
    0x080001f8   0x00000000   Code   RO         3543    .ARM.Collect$$rtexit$$00000002  c_w.l(rtexit2.o)
    0x080001f8   0x00000004   Code   RO         3544    .ARM.Collect$$rtexit$$00000003  c_w.l(rtexit2.o)
    0x080001fc   0x00000006   Code   RO         3545    .ARM.Collect$$rtexit$$00000004  c_w.l(rtexit2.o)
    0x08000202   0x00000002   PAD
    0x08000204   0x00000040   Code   RO            4    .text               startup_stm32f103xe.o
    0x08000244   0x00000028   Code   RO         3227    .text               c_w.l(noretval__2sprintf.o)
    0x0800026c   0x0000004e   Code   RO         3231    .text               c_w.l(_printf_pad.o)
    0x080002ba   0x00000024   Code   RO         3233    .text               c_w.l(_printf_truncate.o)
    0x080002de   0x00000052   Code   RO         3235    .text               c_w.l(_printf_str.o)
    0x08000330   0x00000078   Code   RO         3237    .text               c_w.l(_printf_dec.o)
    0x080003a8   0x00000188   Code   RO         3256    .text               c_w.l(__printf_flags_ss_wp.o)
    0x08000530   0x0000003c   Code   RO         3264    .text               c_w.l(__0sscanf.o)
    0x0800056c   0x0000014c   Code   RO         3266    .text               c_w.l(_scanf_int.o)
    0x080006b8   0x00000048   Code   RO         3268    .text               c_w.l(strcpy.o)
    0x08000700   0x0000003e   Code   RO         3270    .text               c_w.l(strlen.o)
    0x0800073e   0x00000096   Code   RO         3272    .text               c_w.l(strncmp.o)
    0x080007d4   0x00000064   Code   RO         3274    .text               c_w.l(rt_memcpy_w.o)
    0x08000838   0x0000004e   Code   RO         3276    .text               c_w.l(rt_memclr_w.o)
    0x08000886   0x00000006   Code   RO         3278    .text               c_w.l(heapauxi.o)
    0x0800088c   0x000000b2   Code   RO         3317    .text               c_w.l(_printf_intcommon.o)
    0x0800093e   0x0000041a   Code   RO         3319    .text               c_w.l(_printf_fp_dec.o)
    0x08000d58   0x00000030   Code   RO         3321    .text               c_w.l(_printf_char_common.o)
    0x08000d88   0x0000000a   Code   RO         3323    .text               c_w.l(_sputc.o)
    0x08000d92   0x0000002c   Code   RO         3325    .text               c_w.l(_printf_char.o)
    0x08000dbe   0x0000001c   Code   RO         3328    .text               c_w.l(_chval.o)
    0x08000dda   0x00000002   PAD
    0x08000ddc   0x000004a4   Code   RO         3330    .text               c_w.l(scanf_fp.o)
    0x08001280   0x0000002c   Code   RO         3332    .text               c_w.l(scanf_char.o)
    0x080012ac   0x00000040   Code   RO         3334    .text               c_w.l(_sgetc.o)
    0x080012ec   0x00000008   Code   RO         3367    .text               c_w.l(rt_locale_intlibspace.o)
    0x080012f4   0x00000008   Code   RO         3372    .text               c_w.l(rt_errno_addr_intlibspace.o)
    0x080012fc   0x0000008a   Code   RO         3374    .text               c_w.l(lludiv10.o)
    0x08001386   0x00000012   Code   RO         3376    .text               c_w.l(isspace.o)
    0x08001398   0x00000080   Code   RO         3378    .text               c_w.l(_printf_fp_infnan.o)
    0x08001418   0x00000374   Code   RO         3382    .text               c_w.l(_scanf.o)
    0x0800178c   0x000000dc   Code   RO         3384    .text               c_w.l(bigflt0.o)
    0x08001868   0x00000008   Code   RO         3433    .text               c_w.l(libspace.o)
    0x08001870   0x0000004a   Code   RO         3436    .text               c_w.l(sys_stackheap_outer.o)
    0x080018ba   0x00000002   PAD
    0x080018bc   0x00000010   Code   RO         3438    .text               c_w.l(rt_ctype_table.o)
    0x080018cc   0x00000016   Code   RO         3440    .text               c_w.l(_rserrno.o)
    0x080018e2   0x00000002   PAD
    0x080018e4   0x00000318   Code   RO         3442    .text               c_w.l(scanf_hexfp.o)
    0x08001bfc   0x00000134   Code   RO         3444    .text               c_w.l(scanf_infnan.o)
    0x08001d30   0x0000000c   Code   RO         3446    .text               c_w.l(exit.o)
    0x08001d3c   0x00000080   Code   RO         3448    .text               c_w.l(strcmpv7m.o)
    0x08001dbc   0x00000026   Code   RO         3515    .text               c_w.l(llshl.o)
    0x08001de2   0x00000002   PAD
    0x08001de4   0x0000000c   Code   RO         3572    .text               c_w.l(sys_exit.o)
    0x08001df0   0x00000002   Code   RO         3593    .text               c_w.l(use_no_semi.o)
    0x08001df2   0x00000000   Code   RO         3595    .text               c_w.l(indicate_semi.o)
    0x08001df2   0x0000003e   Code   RO         3387    CL$$btod_d2e        c_w.l(btod.o)
    0x08001e30   0x00000046   Code   RO         3389    CL$$btod_d2e_denorm_low  c_w.l(btod.o)
    0x08001e76   0x00000060   Code   RO         3388    CL$$btod_d2e_norm_op1  c_w.l(btod.o)
    0x08001ed6   0x00000338   Code   RO         3397    CL$$btod_div_common  c_w.l(btod.o)
    0x0800220e   0x00000002   PAD
    0x08002210   0x00000054   Code   RO         3395    CL$$btod_e2d        c_w.l(btod.o)
    0x08002264   0x000000c6   Code   RO         3394    CL$$btod_e2e        c_w.l(btod.o)
    0x0800232a   0x00000028   Code   RO         3391    CL$$btod_ediv       c_w.l(btod.o)
    0x08002352   0x00000028   Code   RO         3393    CL$$btod_edivd      c_w.l(btod.o)
    0x0800237a   0x00000028   Code   RO         3390    CL$$btod_emul       c_w.l(btod.o)
    0x080023a2   0x00000028   Code   RO         3392    CL$$btod_emuld      c_w.l(btod.o)
    0x080023ca   0x00000244   Code   RO         3396    CL$$btod_mult_common  c_w.l(btod.o)
    0x0800260e   0x00000002   PAD
    0x08002610   0x000001ec   Code   RO          450    i.Bluetooth         main.o
    0x080027fc   0x00000002   Code   RO          707    i.BusFault_Handler  stm32f1xx_it.o
    0x080027fe   0x00000002   PAD
    0x08002800   0x00000040   Code   RO           13    i.DELAY_Us          delay_us.o
    0x08002840   0x00000048   Code   RO          129    i.DS18B20_GetTemp_SkipRom  ds18b20.o
    0x08002888   0x0000001c   Code   RO          132    i.DS18B20_Mode_IN_NP  ds18b20.o
    0x080028a4   0x0000001c   Code   RO          133    i.DS18B20_Mode_OUT_PP  ds18b20.o
    0x080028c0   0x00000058   Code   RO          134    i.DS18B20_Presence  ds18b20.o
    0x08002918   0x00000054   Code   RO          135    i.DS18B20_ReadByte  ds18b20.o
    0x0800296c   0x00000034   Code   RO          137    i.DS18B20_Reset     ds18b20.o
    0x080029a0   0x00000014   Code   RO          138    i.DS18B20_SkipRom   ds18b20.o
    0x080029b4   0x00000060   Code   RO          139    i.DS18B20_WriteByte  ds18b20.o
    0x08002a14   0x00000002   Code   RO          708    i.DebugMon_Handler  stm32f1xx_it.o
    0x08002a16   0x00000006   Code   RO          709    i.EXTI0_IRQHandler  stm32f1xx_it.o
    0x08002a1c   0x00000006   Code   RO          710    i.EXTI3_IRQHandler  stm32f1xx_it.o
    0x08002a22   0x00000006   Code   RO          711    i.EXTI4_IRQHandler  stm32f1xx_it.o
    0x08002a28   0x00000004   Code   RO          451    i.Error_Handler     main.o
    0x08002a2c   0x00000046   Code   RO         2227    i.HAL_DMA_Abort     stm32f1xx_hal_dma.o
    0x08002a72   0x00000002   PAD
    0x08002a74   0x00000130   Code   RO         2228    i.HAL_DMA_Abort_IT  stm32f1xx_hal_dma.o
    0x08002ba4   0x00000024   Code   RO         1853    i.HAL_Delay         stm32f1xx_hal.o
    0x08002bc8   0x00000048   Code   RO          452    i.HAL_GPIO_EXTI_Callback  main.o
    0x08002c10   0x00000018   Code   RO         2162    i.HAL_GPIO_EXTI_IRQHandler  stm32f1xx_hal_gpio.o
    0x08002c28   0x000001f8   Code   RO         2163    i.HAL_GPIO_Init     stm32f1xx_hal_gpio.o
    0x08002e20   0x0000000a   Code   RO         2165    i.HAL_GPIO_ReadPin  stm32f1xx_hal_gpio.o
    0x08002e2a   0x0000000a   Code   RO         2167    i.HAL_GPIO_WritePin  stm32f1xx_hal_gpio.o
    0x08002e34   0x0000000c   Code   RO         1857    i.HAL_GetTick       stm32f1xx_hal.o
    0x08002e40   0x00000010   Code   RO         1863    i.HAL_IncTick       stm32f1xx_hal.o
    0x08002e50   0x00000024   Code   RO         1864    i.HAL_Init          stm32f1xx_hal.o
    0x08002e74   0x00000040   Code   RO         1865    i.HAL_InitTick      stm32f1xx_hal.o
    0x08002eb4   0x00000044   Code   RO          813    i.HAL_MspInit       stm32f1xx_hal_msp.o
    0x08002ef8   0x0000001a   Code   RO         2323    i.HAL_NVIC_EnableIRQ  stm32f1xx_hal_cortex.o
    0x08002f12   0x00000002   PAD
    0x08002f14   0x00000040   Code   RO         2329    i.HAL_NVIC_SetPriority  stm32f1xx_hal_cortex.o
    0x08002f54   0x00000024   Code   RO         2330    i.HAL_NVIC_SetPriorityGrouping  stm32f1xx_hal_cortex.o
    0x08002f78   0x0000012c   Code   RO         2021    i.HAL_RCC_ClockConfig  stm32f1xx_hal_rcc.o
    0x080030a4   0x0000000c   Code   RO         2026    i.HAL_RCC_GetHCLKFreq  stm32f1xx_hal_rcc.o
    0x080030b0   0x00000020   Code   RO         2028    i.HAL_RCC_GetPCLK1Freq  stm32f1xx_hal_rcc.o
    0x080030d0   0x00000020   Code   RO         2029    i.HAL_RCC_GetPCLK2Freq  stm32f1xx_hal_rcc.o
    0x080030f0   0x0000004c   Code   RO         2030    i.HAL_RCC_GetSysClockFreq  stm32f1xx_hal_rcc.o
    0x0800313c   0x00000320   Code   RO         2033    i.HAL_RCC_OscConfig  stm32f1xx_hal_rcc.o
    0x0800345c   0x00000028   Code   RO         2334    i.HAL_SYSTICK_Config  stm32f1xx_hal_cortex.o
    0x08003484   0x00000002   Code   RO         1579    i.HAL_TIMEx_BreakCallback  stm32f1xx_hal_tim_ex.o
    0x08003486   0x00000002   Code   RO         1580    i.HAL_TIMEx_CommutCallback  stm32f1xx_hal_tim_ex.o
    0x08003488   0x0000007c   Code   RO         1598    i.HAL_TIMEx_MasterConfigSynchronization  stm32f1xx_hal_tim_ex.o
    0x08003504   0x0000005a   Code   RO          875    i.HAL_TIM_Base_Init  stm32f1xx_hal_tim.o
    0x0800355e   0x00000002   PAD
    0x08003560   0x00000054   Code   RO          612    i.HAL_TIM_Base_MspInit  tim.o
    0x080035b4   0x00000064   Code   RO          878    i.HAL_TIM_Base_Start  stm32f1xx_hal_tim.o
    0x08003618   0x00000026   Code   RO          881    i.HAL_TIM_Base_Stop  stm32f1xx_hal_tim.o
    0x0800363e   0x000000dc   Code   RO          884    i.HAL_TIM_ConfigClockSource  stm32f1xx_hal_tim.o
    0x0800371a   0x00000002   Code   RO          909    i.HAL_TIM_IC_CaptureCallback  stm32f1xx_hal_tim.o
    0x0800371c   0x00000130   Code   RO          923    i.HAL_TIM_IRQHandler  stm32f1xx_hal_tim.o
    0x0800384c   0x0000004c   Code   RO          613    i.HAL_TIM_MspPostInit  tim.o
    0x08003898   0x00000002   Code   RO          926    i.HAL_TIM_OC_DelayElapsedCallback  stm32f1xx_hal_tim.o
    0x0800389a   0x000000cc   Code   RO          947    i.HAL_TIM_PWM_ConfigChannel  stm32f1xx_hal_tim.o
    0x08003966   0x0000005a   Code   RO          950    i.HAL_TIM_PWM_Init  stm32f1xx_hal_tim.o
    0x080039c0   0x00000002   Code   RO          952    i.HAL_TIM_PWM_MspInit  stm32f1xx_hal_tim.o
    0x080039c2   0x00000002   Code   RO          953    i.HAL_TIM_PWM_PulseFinishedCallback  stm32f1xx_hal_tim.o
    0x080039c4   0x000000b4   Code   RO          955    i.HAL_TIM_PWM_Start  stm32f1xx_hal_tim.o
    0x08003a78   0x00000002   Code   RO          961    i.HAL_TIM_PeriodElapsedCallback  stm32f1xx_hal_tim.o
    0x08003a7a   0x00000002   Code   RO          966    i.HAL_TIM_TriggerCallback  stm32f1xx_hal_tim.o
    0x08003a7c   0x00000002   Code   RO         2835    i.HAL_UARTEx_RxEventCallback  stm32f1xx_hal_uart.o
    0x08003a7e   0x00000002   Code   RO         2849    i.HAL_UART_ErrorCallback  stm32f1xx_hal_uart.o
    0x08003a80   0x0000026c   Code   RO         2852    i.HAL_UART_IRQHandler  stm32f1xx_hal_uart.o
    0x08003cec   0x00000064   Code   RO         2853    i.HAL_UART_Init     stm32f1xx_hal_uart.o
    0x08003d50   0x00000080   Code   RO          666    i.HAL_UART_MspInit  usart.o
    0x08003dd0   0x0000001c   Code   RO         2858    i.HAL_UART_Receive_IT  stm32f1xx_hal_uart.o
    0x08003dec   0x0000002c   Code   RO          453    i.HAL_UART_RxCpltCallback  main.o
    0x08003e18   0x000000a0   Code   RO         2861    i.HAL_UART_Transmit  stm32f1xx_hal_uart.o
    0x08003eb8   0x00000002   Code   RO         2864    i.HAL_UART_TxCpltCallback  stm32f1xx_hal_uart.o
    0x08003eba   0x00000002   Code   RO          712    i.HardFault_Handler  stm32f1xx_it.o
    0x08003ebc   0x00000070   Code   RO          299    i.IIC_SendOneByte   hal_iic.o
    0x08003f2c   0x00000024   Code   RO          300    i.IIC_Set_SDAMode   hal_iic.o
    0x08003f50   0x00000040   Code   RO          301    i.IIC_Start         hal_iic.o
    0x08003f90   0x00000040   Code   RO          302    i.IIC_Stop          hal_iic.o
    0x08003fd0   0x00000064   Code   RO          303    i.IIC_WaitAck       hal_iic.o
    0x08004034   0x00000024   Code   RO          454    i.IsNewDay          main.o
    0x08004058   0x00000144   Code   RO          587    i.MX_GPIO_Init      gpio.o
    0x0800419c   0x00000068   Code   RO          614    i.MX_TIM1_Init      tim.o
    0x08004204   0x0000009c   Code   RO          615    i.MX_TIM3_Init      tim.o
    0x080042a0   0x00000038   Code   RO          667    i.MX_USART2_UART_Init  usart.o
    0x080042d8   0x00000002   Code   RO          713    i.MemManage_Handler  stm32f1xx_it.o
    0x080042da   0x00000002   Code   RO          714    i.NMI_Handler       stm32f1xx_it.o
    0x080042dc   0x0000003c   Code   RO          369    i.OLED_Clear_Screen  oled.o
    0x08004318   0x00000044   Code   RO          370    i.OLED_Display_Char_16X16  oled.o
    0x0800435c   0x00000040   Code   RO          371    i.OLED_Display_Char_8X16  oled.o
    0x0800439c   0x0000002c   Code   RO          373    i.OLED_Display_String_8X16  oled.o
    0x080043c8   0x00000050   Code   RO          374    i.OLED_Init         oled.o
    0x08004418   0x00000030   Code   RO          375    i.OLED_Set_Position  oled.o
    0x08004448   0x00000046   Code   RO          376    i.OLED_Write_Command  oled.o
    0x0800448e   0x00000046   Code   RO          377    i.OLED_Write_Data   oled.o
    0x080044d4   0x00000002   Code   RO          715    i.PendSV_Handler    stm32f1xx_it.o
    0x080044d6   0x00000002   Code   RO          716    i.SVC_Handler       stm32f1xx_it.o
    0x080044d8   0x00000088   Code   RO          455    i.Show_BlueTooth    main.o
    0x08004560   0x00000084   Code   RO          456    i.Show_Current      main.o
    0x080045e4   0x000000cc   Code   RO          457    i.Show_History      main.o
    0x080046b0   0x000000b4   Code   RO          458    i.Show_Setting      main.o
    0x08004764   0x00000004   Code   RO          717    i.SysTick_Handler   stm32f1xx_it.o
    0x08004768   0x0000005e   Code   RO          459    i.SystemClock_Config  main.o
    0x080047c6   0x00000002   Code   RO         3187    i.SystemInit        system_stm32f1xx.o
    0x080047c8   0x0000000c   Code   RO          718    i.TIM3_IRQHandler   stm32f1xx_it.o
    0x080047d4   0x0000009c   Code   RO          968    i.TIM_Base_SetConfig  stm32f1xx_hal_tim.o
    0x08004870   0x0000001a   Code   RO          969    i.TIM_CCxChannelCmd  stm32f1xx_hal_tim.o
    0x0800488a   0x00000014   Code   RO          979    i.TIM_ETR_SetConfig  stm32f1xx_hal_tim.o
    0x0800489e   0x00000010   Code   RO          980    i.TIM_ITRx_SetConfig  stm32f1xx_hal_tim.o
    0x080048ae   0x00000002   PAD
    0x080048b0   0x00000060   Code   RO          981    i.TIM_OC1_SetConfig  stm32f1xx_hal_tim.o
    0x08004910   0x0000006c   Code   RO          982    i.TIM_OC2_SetConfig  stm32f1xx_hal_tim.o
    0x0800497c   0x00000068   Code   RO          983    i.TIM_OC3_SetConfig  stm32f1xx_hal_tim.o
    0x080049e4   0x00000050   Code   RO          984    i.TIM_OC4_SetConfig  stm32f1xx_hal_tim.o
    0x08004a34   0x00000022   Code   RO          986    i.TIM_TI1_ConfigInputStage  stm32f1xx_hal_tim.o
    0x08004a56   0x00000024   Code   RO          988    i.TIM_TI2_ConfigInputStage  stm32f1xx_hal_tim.o
    0x08004a7a   0x00000010   Code   RO         2866    i.UART_DMAAbortOnError  stm32f1xx_hal_uart.o
    0x08004a8a   0x0000004e   Code   RO         2876    i.UART_EndRxTransfer  stm32f1xx_hal_uart.o
    0x08004ad8   0x000000c2   Code   RO         2878    i.UART_Receive_IT   stm32f1xx_hal_uart.o
    0x08004b9a   0x00000002   PAD
    0x08004b9c   0x000000b8   Code   RO         2879    i.UART_SetConfig    stm32f1xx_hal_uart.o
    0x08004c54   0x00000036   Code   RO         2881    i.UART_Start_Receive_IT  stm32f1xx_hal_uart.o
    0x08004c8a   0x00000072   Code   RO         2882    i.UART_WaitOnFlagUntilTimeout  stm32f1xx_hal_uart.o
    0x08004cfc   0x0000000c   Code   RO          719    i.USART2_IRQHandler  stm32f1xx_it.o
    0x08004d08   0x00000078   Code   RO          460    i.UpdateData        main.o
    0x08004d80   0x00000002   Code   RO          720    i.UsageFault_Handler  stm32f1xx_it.o
    0x08004d82   0x00000028   Code   RO         3425    i.__ARM_fpclassify  m_ws.l(fpclassify.o)
    0x08004daa   0x00000020   Code   RO         2336    i.__NVIC_SetPriority  stm32f1xx_hal_cortex.o
    0x08004dca   0x0000000e   Code   RO         3559    i.__mathlib_dbl_overflow  m_ws.l(dunder.o)
    0x08004dd8   0x00000010   Code   RO         3561    i.__mathlib_dbl_underflow  m_ws.l(dunder.o)
    0x08004de8   0x00000010   Code   RO         3427    i.__mathlib_narrow  m_ws.l(narrow.o)
    0x08004df8   0x00000088   Code   RO         3428    i.__mathlib_tofloat  m_ws.l(narrow.o)
    0x08004e80   0x00000016   Code   RO         3531    i.__support_ldexp   m_ws.l(ldexp.o)
    0x08004e96   0x0000000e   Code   RO         3249    i._is_digit         c_w.l(__printf_wp.o)
    0x08004ea4   0x0000002c   Code   RO          140    i.delay_us          ds18b20.o
    0x08004ed0   0x00000038   Code   RO          223    i.ds1302_SDAINPUT_init  ds1302.o
    0x08004f08   0x00000050   Code   RO          224    i.ds1302_SDAOUT_init  ds1302.o
    0x08004f58   0x000000d0   Code   RO          225    i.ds1302_init       ds1302.o
    0x08005028   0x00000140   Code   RO          226    i.ds1302_read_realTime  ds1302.o
    0x08005168   0x000000a4   Code   RO          227    i.ds1302_read_rig   ds1302.o
    0x0800520c   0x00000044   Code   RO          228    i.ds1302_read_time  ds1302.o
    0x08005250   0x00000060   Code   RO          229    i.ds1302_wirte_rig  ds1302.o
    0x080052b0   0x0000004c   Code   RO          230    i.ds1302_write_onebyte  ds1302.o
    0x080052fc   0x00000058   Code   RO         3510    i.frexp             m_ws.l(frexp.o)
    0x08005354   0x0000006c   Code   RO          461    i.is_time_in_range  main.o
    0x080053c0   0x00000074   Code   RO         3532    i.ldexp             m_ws.l(ldexp.o)
    0x08005434   0x000000ec   Code   RO          462    i.main              main.o
    0x08005520   0x000000d8   Code   RO          463    i.temperature_monitor  main.o
    0x080055f8   0x0000002c   Code   RO         3410    locale$$code        c_w.l(lc_numeric_c.o)
    0x08005624   0x0000002c   Code   RO         3518    locale$$code        c_w.l(lc_ctype_c.o)
    0x08005650   0x00000062   Code   RO         3501    x$fpl$d2f           fz_ws.l(d2f.o)
    0x080056b2   0x00000002   PAD
    0x080056b4   0x00000010   Code   RO         3553    x$fpl$dcheck1       fz_ws.l(dcheck1.o)
    0x080056c4   0x00000018   Code   RO         3522    x$fpl$dcmpinf       fz_ws.l(dcmpi.o)
    0x080056dc   0x00000078   Code   RO         3503    x$fpl$deqf          fz_ws.l(deqf.o)
    0x08005754   0x0000005e   Code   RO         3282    x$fpl$dfix          fz_ws.l(dfix.o)
    0x080057b2   0x00000002   PAD
    0x080057b4   0x00000078   Code   RO         3524    x$fpl$dleqf         fz_ws.l(dleqf.o)
    0x0800582c   0x00000154   Code   RO         3286    x$fpl$dmul          fz_ws.l(dmul.o)
    0x08005980   0x0000009c   Code   RO         3336    x$fpl$dnaninf       fz_ws.l(dnaninf.o)
    0x08005a1c   0x0000000c   Code   RO         3338    x$fpl$dretinf       fz_ws.l(dretinf.o)
    0x08005a28   0x0000006c   Code   RO         3505    x$fpl$drleqf        fz_ws.l(drleqf.o)
    0x08005a94   0x00000056   Code   RO         3288    x$fpl$f2d           fz_ws.l(f2d.o)
    0x08005aea   0x00000002   PAD
    0x08005aec   0x000000c4   Code   RO         3290    x$fpl$fadd          fz_ws.l(faddsub_clz.o)
    0x08005bb0   0x0000000c   Code   RO         3340    x$fpl$fcheck1       fz_ws.l(fcheck1.o)
    0x08005bbc   0x00000018   Code   RO         3342    x$fpl$fcmpinf       fz_ws.l(fcmpi.o)
    0x08005bd4   0x00000036   Code   RO         3296    x$fpl$ffix          fz_ws.l(ffix.o)
    0x08005c0a   0x00000002   PAD
    0x08005c0c   0x00000030   Code   RO         3301    x$fpl$fflt          fz_ws.l(fflt_clz.o)
    0x08005c3c   0x00000068   Code   RO         3306    x$fpl$fleqf         fz_ws.l(fleqf.o)
    0x08005ca4   0x0000008c   Code   RO         3344    x$fpl$fnaninf       fz_ws.l(fnaninf.o)
    0x08005d30   0x0000000a   Code   RO         3346    x$fpl$fretinf       fz_ws.l(fretinf.o)
    0x08005d3a   0x00000062   Code   RO         3308    x$fpl$frleqf        fz_ws.l(frleqf.o)
    0x08005d9c   0x00000014   Code   RO         3291    x$fpl$frsb          fz_ws.l(faddsub_clz.o)
    0x08005db0   0x000000ea   Code   RO         3292    x$fpl$fsub          fz_ws.l(faddsub_clz.o)
    0x08005e9a   0x00000004   Code   RO         3310    x$fpl$printf1       fz_ws.l(printf1.o)
    0x08005e9e   0x00000064   Code   RO         3417    x$fpl$retnan        fz_ws.l(retnan.o)
    0x08005f02   0x0000005c   Code   RO         3528    x$fpl$scalbn        fz_ws.l(scalbn.o)
    0x08005f5e   0x0000004c   Code   RO         3312    x$fpl$scalbnf       fz_ws.l(scalbnf.o)
    0x08005faa   0x00000004   Code   RO         3314    x$fpl$scanf1        fz_ws.l(scanf1.o)
    0x08005fae   0x00000008   Code   RO         3419    x$fpl$scanf2        fz_ws.l(scanf2.o)
    0x08005fb6   0x00000030   Code   RO         3507    x$fpl$trapveneer    fz_ws.l(trapv.o)
    0x08005fe6   0x00000000   Code   RO         3348    x$fpl$usenofp       fz_ws.l(usenofp.o)
    0x08005fe6   0x00000002   PAD
    0x08005fe8   0x00000010   Data   RO          304    .constdata          hal_iic.o
    0x08005ff8   0x00000df0   Data   RO          378    .constdata          oled.o
    0x08006de8   0x00000012   Data   RO         2034    .constdata          stm32f1xx_hal_rcc.o
    0x08006dfa   0x00000010   Data   RO         3188    .constdata          system_stm32f1xx.o
    0x08006e0a   0x00000008   Data   RO         3189    .constdata          system_stm32f1xx.o
    0x08006e12   0x00000011   Data   RO         3257    .constdata          c_w.l(__printf_flags_ss_wp.o)
    0x08006e23   0x00000001   PAD
    0x08006e24   0x00000094   Data   RO         3385    .constdata          c_w.l(bigflt0.o)
    0x08006eb8   0x00000020   Data   RO         3641    Region$$Table       anon$$obj.o
    0x08006ed8   0x00000008   Data   RO         3412    c$$dinf             fz_ws.l(fpconst.o)
    0x08006ee0   0x0000001c   Data   RO         3409    locale$$data        c_w.l(lc_numeric_c.o)
    0x08006efc   0x00000110   Data   RO         3517    locale$$data        c_w.l(lc_ctype_c.o)


    Execution Region RW_IRAM1 (Base: 0x20000000, Size: 0x000008f8, Max: 0x00010000, ABSOLUTE)

    Base Addr    Size         Type   Attr      Idx    E Section Name        Object

    0x20000000   0x00000016   Data   RW          232    .data               ds1302.o
    0x20000016   0x00000002   PAD
    0x20000018   0x00000031   Data   RW          465    .data               main.o
    0x20000049   0x00000003   PAD
    0x2000004c   0x0000000c   Data   RW         1871    .data               stm32f1xx_hal.o
    0x20000058   0x00000004   Data   RW         3190    .data               system_stm32f1xx.o
    0x2000005c   0x0000000a   Zero   RW          231    .bss                ds1302.o
    0x20000066   0x00000002   PAD
    0x20000068   0x00000154   Zero   RW          464    .bss                main.o
    0x200001bc   0x00000090   Zero   RW          616    .bss                tim.o
    0x2000024c   0x00000048   Zero   RW          668    .bss                usart.o
    0x20000294   0x00000060   Zero   RW         3434    .bss                c_w.l(libspace.o)
    0x200002f4   0x00000004   PAD
    0x200002f8   0x00000200   Zero   RW            2    HEAP                startup_stm32f103xe.o
    0x200004f8   0x00000400   Zero   RW            1    STACK               startup_stm32f103xe.o


==============================================================================

Image component sizes


      Code (inc. data)   RO Data    RW Data    ZI Data      Debug   Object Name

        64          4          0          0          0     486275   delay_us.o
      1068         48          0         22         10       5624   ds1302.o
       512         34          0          0          0       4985   ds18b20.o
       324         28          0          0          0       1019   gpio.o
       376         30         16          0          0       5941   hal_iic.o
      2074        420          0         49        340       9899   main.o
       504         36       3568          0          0       6429   oled.o
        64         26        304          0       1536        800   startup_stm32f103xe.o
       164         28          0         12          0       6353   stm32f1xx_hal.o
       198         14          0          0          0      28519   stm32f1xx_hal_cortex.o
       374          8          0          0          0       1715   stm32f1xx_hal_dma.o
       548         48          0          0          0       3670   stm32f1xx_hal_gpio.o
        68         10          0          0          0        854   stm32f1xx_hal_msp.o
      1252         90         18          0          0       5224   stm32f1xx_hal_rcc.o
      1914        100          0          0          0      15975   stm32f1xx_hal_tim.o
       128         20          0          0          0       2301   stm32f1xx_hal_tim_ex.o
      1554         10          0          0          0       9712   stm32f1xx_hal_uart.o
        62         12          0          0          0       5881   stm32f1xx_it.o
         2          0         24          4          0       1083   system_stm32f1xx.o
       420         44          0          0        144       2897   tim.o
       184         22          0          0         72       1614   usart.o

    ----------------------------------------------------------------------
     11866       1032       3962         92       2104     606770   Object Totals
         0          0         32          0          0          0   (incl. Generated)
        12          0          0          5          2          0   (incl. Padding)

    ----------------------------------------------------------------------

      Code (inc. data)   RO Data    RW Data    ZI Data      Debug   Library Member Name

        60          8          0          0          0         84   __0sscanf.o
         8          0          0          0          0         68   __main.o
       392          4         17          0          0         92   __printf_flags_ss_wp.o
        14          0          0          0          0         68   __printf_wp.o
         0          0          0          0          0          0   __rtentry.o
        12          0          0          0          0          0   __rtentry2.o
         6          0          0          0          0          0   __rtentry4.o
        52          8          0          0          0          0   __scatter.o
        26          0          0          0          0          0   __scatter_copy.o
        28          0          0          0          0          0   __scatter_zi.o
        28          0          0          0          0         68   _chval.o
        44          0          0          0          0        108   _printf_char.o
        48          6          0          0          0         96   _printf_char_common.o
         6          0          0          0          0          0   _printf_d.o
       120         16          0          0          0         92   _printf_dec.o
         6          0          0          0          0          0   _printf_f.o
      1050          0          0          0          0        216   _printf_fp_dec.o
       128         16          0          0          0         84   _printf_fp_infnan.o
       178          0          0          0          0         88   _printf_intcommon.o
        78          0          0          0          0        108   _printf_pad.o
         0          0          0          0          0          0   _printf_percent.o
         4          0          0          0          0          0   _printf_percent_end.o
         6          0          0          0          0          0   _printf_s.o
        82          0          0          0          0         80   _printf_str.o
        36          0          0          0          0         84   _printf_truncate.o
         6          0          0          0          0          0   _printf_u.o
        22          0          0          0          0        100   _rserrno.o
       884          6          0          0          0        100   _scanf.o
       332          0          0          0          0         96   _scanf_int.o
        64          0          0          0          0         84   _sgetc.o
        10          0          0          0          0         68   _sputc.o
       220          4        148          0          0         96   bigflt0.o
      2074        132          0          0          0        940   btod.o
        12          0          0          0          0         72   exit.o
         6          0          0          0          0        152   heapauxi.o
         0          0          0          0          0          0   indicate_semi.o
        18          0          0          0          0         76   isspace.o
        44         10        272          0          0         76   lc_ctype_c.o
        44         10         28          0          0         76   lc_numeric_c.o
         2          0          0          0          0          0   libinit.o
        30          0          0          0          0          0   libinit2.o
         2          0          0          0          0          0   libshutdown.o
         2          0          0          0          0          0   libshutdown2.o
         8          4          0          0         96         68   libspace.o
        38          0          0          0          0         68   llshl.o
       138          0          0          0          0         80   lludiv10.o
        40          6          0          0          0         84   noretval__2sprintf.o
        16          4          0          0          0         76   rt_ctype_table.o
         8          4          0          0          0         68   rt_errno_addr_intlibspace.o
         8          4          0          0          0         68   rt_locale_intlibspace.o
        78          0          0          0          0         80   rt_memclr_w.o
       100          0          0          0          0         80   rt_memcpy_w.o
         2          0          0          0          0          0   rtexit.o
        10          0          0          0          0          0   rtexit2.o
        44          8          0          0          0         84   scanf_char.o
      1188         12          0          0          0        148   scanf_fp.o
       792         14          0          0          0        100   scanf_hexfp.o
       308         16          0          0          0        100   scanf_infnan.o
       128          0          0          0          0         68   strcmpv7m.o
        72          0          0          0          0         80   strcpy.o
        62          0          0          0          0         76   strlen.o
       150          0          0          0          0         80   strncmp.o
        12          4          0          0          0         68   sys_exit.o
        74          0          0          0          0         80   sys_stackheap_outer.o
         2          0          0          0          0         68   use_no_semi.o
        98          4          0          0          0         92   d2f.o
        16          4          0          0          0         68   dcheck1.o
        24          0          0          0          0         68   dcmpi.o
       120          4          0          0          0         92   deqf.o
        94          4          0          0          0         92   dfix.o
       120          4          0          0          0         92   dleqf.o
       340         12          0          0          0        104   dmul.o
       156          4          0          0          0         92   dnaninf.o
        12          0          0          0          0         68   dretinf.o
       108          0          0          0          0         80   drleqf.o
        86          4          0          0          0         84   f2d.o
       450          8          0          0          0        236   faddsub_clz.o
        12          4          0          0          0         68   fcheck1.o
        24          0          0          0          0         68   fcmpi.o
        54          4          0          0          0         84   ffix.o
        48          0          0          0          0         68   fflt_clz.o
       104          4          0          0          0         84   fleqf.o
       140          4          0          0          0         84   fnaninf.o
         0          0          8          0          0          0   fpconst.o
        10          0          0          0          0         68   fretinf.o
        98          0          0          0          0         68   frleqf.o
         4          0          0          0          0         68   printf1.o
       100          0          0          0          0         68   retnan.o
        92          0          0          0          0         68   scalbn.o
        76          0          0          0          0         68   scalbnf.o
         4          0          0          0          0         68   scanf1.o
         8          0          0          0          0         84   scanf2.o
        48          0          0          0          0         68   trapv.o
         0          0          0          0          0          0   usenofp.o
        30          6          0          0          0        136   dunder.o
        40          0          0          0          0         68   fpclassify.o
        88          8          0          0          0         76   frexp.o
       138          0          0          0          0        160   ldexp.o
       152          4          0          0          0        168   narrow.o

    ----------------------------------------------------------------------
     12382        380        474          0        100       7756   Library Totals
        26          2          1          0          4          0   (incl. Padding)

    ----------------------------------------------------------------------

      Code (inc. data)   RO Data    RW Data    ZI Data      Debug   Library Name

      9462        296        465          0         96       4896   c_w.l
      2446         64          8          0          0       2252   fz_ws.l
       448         18          0          0          0        608   m_ws.l

    ----------------------------------------------------------------------
     12382        380        474          0        100       7756   Library Totals

    ----------------------------------------------------------------------

==============================================================================


      Code (inc. data)   RO Data    RW Data    ZI Data      Debug   

     24248       1412       4436         92       2204     603342   Grand Totals
     24248       1412       4436         92       2204     603342   ELF Image Totals
     24248       1412       4436         92          0          0   ROM Totals

==============================================================================

    Total RO  Size (Code + RO Data)                28684 (  28.01kB)
    Total RW  Size (RW Data + ZI Data)              2296 (   2.24kB)
    Total ROM Size (Code + RO Data + RW Data)      28776 (  28.10kB)

==============================================================================

